bigsect-softraid.img: 20.0GB (5242880 sectors of 4096 bytes)
    description:         
    device name:         bigsect-softraid.img
    device path:         bigsect-softraid.img
    sector size:         4096
    total sectors:       5242880
    total cylinders:     320 (cylinders)
    tracks per cylinder: 16 (heads)
    sectors per track:   1024 (sectors)


EFI GPT partition table at sector 1 (backup at sector 5242879) of bigsect-softraid.img:
  size:                 92
  primary gpt sector:   1
  backup gpt sector:    5242879
  first data sector:    64
  last data sector:     5242816
  guid:                 b5daf27a-0d36-4752-bf9a-24185bd7d3df
  partition sector:     2
  max partitions:       128
  partition size:       128


            Start       Size GUID                                 Type
1:   X          0          0 00000000-0000-0000-0000-000000000000 00000000-0000-0000-0000-000000000000 unused
2:             64        959 2d2f1a74-027e-4af3-9305-eecdbb5180ef c12a7328-f81f-11d2-ba4b-00a0c93ec93b EFI System Partition
3:   X          0          0 00000000-0000-0000-0000-000000000000 00000000-0000-0000-0000-000000000000 unused
4:           1024    5241792 7470965a-34b6-4244-b466-9dd92d173266 824cc7a0-36a8-11e3-890a-952519ad3f61 
 OpenBSD disklabel at sector 1024 (offset 0) of bigsect-softraid.img:
  version: 1
  type: vnd/vinum (12)
  disk: vnd device
  label: fictitious
  flags: 00000000
  bytes/sector: 4096
  sectors/track: 256
  tracks/cylinder: 1024
  sectors/cylinder: 262144
  cylinders: 20
  total sectors: 5242880
  alternate cylinders: 0
  trackskew: 0
  cylinderskew: 0
  headswitch: 1024
  track-to-track seek: 5242817
  bootsize: 8192
  superblock max size: 65536
  drivedata: 0 0 0 0 0
  uid: 18de9da469bf44de
  byte order: little endian
  partition count: 16

             Start       Size Type    fsize bsize   cpg
 a:           1024    1571840 RAID
  OpenBSD software RAID at sector 1026 of bigsect-softraid.img:
  vendor: OPENBSD
  product: SR RAID 1
  revision: 006
  uuid: e0ca5d915ef24534891df17f2a541ec4
  chunk count: 2
  chunk id: 0x1
  optional metadata elements: 0
  volume id: 0x2
  raid level: RAID-1 (1)
  size: 12574192
  strip size: 0
  data offset: 528
  on disk version counter: 6
  last rebuild block: 0
  byte order: little endian
              Start       Size Level
               1090    1571774 RAID-1
   OpenBSD disklabel at sector 0 (offset 0) of bigsect-softraid.img:
  version: 1
  type: SCSI (4)
  disk: SCSI disk
  label: SR RAID 1
  flags: 00000000
  bytes/sector: 4096
  sectors/track: 63
  tracks/cylinder: 255
  sectors/cylinder: 16065
  cylinders: 97
  total sectors: 1571774
  alternate cylinders: 0
  trackskew: 0
  cylinderskew: 0
  headswitch: 0
  track-to-track seek: 1571774
  bootsize: 8192
  superblock max size: 65536
  drivedata: 0 0 0 0 0
  uid: 7bb99d680af9ac06
  byte order: little endian
  partition count: 16

               Start       Size Type    fsize bsize   cpg
   a:              0     273104 4.2BSD   4096 32768  8517
   b:   X          0          0 unused
   c:              0    1571774 unused      0     0
   d:   X          0          0 unused
   e:   X          0          0 unused
   f:   X          0          0 unused
   g:   X          0          0 unused
   h:   X          0          0 unused
   i:   X          0          0 unused
   j:   X          0          0 unused
   k:   X          0          0 unused
   l:   X          0          0 unused
   m:   X          0          0 unused
   n:   X          0          0 unused
   o:   X          0          0 unused
   p:   X          0          0 unused
 b:   X          0          0 unused
 c:   X          0    5242880 unused      0     0
 d:   X          0          0 unused
 e:   X          0          0 unused
 f:   X          0          0 unused
 g:   X          0          0 unused
 h:   X          0          0 unused
 i:   X         64        960 MSDOS
 j:   X          0          0 unused
 k:   X          0          0 unused
 l:   X          0          0 unused
 m:   X          0          0 unused
 n:   X          0          0 unused
 o:   X          0          0 unused
 p:   X          0          0 unused
5:   X          0          0 00000000-0000-0000-0000-000000000000 00000000-0000-0000-0000-000000000000 unused
6:   X          0          0 00000000-0000-0000-0000-000000000000 00000000-0000-0000-0000-000000000000 unused
7:   X          0          0 00000000-0000-0000-0000-000000000000 00000000-0000-0000-0000-000000000000 unused
8:   X          0          0 00000000-0000-0000-0000-000000000000 00000000-0000-0000-0000-000000000000 unused
9:   X          0          0 00000000-0000-0000-0000-000000000000 00000000-0000-0000-0000-000000000000 unused
10:  X          0          0 00000000-0000-0000-0000-000000000000 00000000-0000-0000-0000-000000000000 unused
11:  X          0          0 00000000-0000-0000-0000-000000000000 00000000-0000-0000-0000-000000000000 unused
12:  X          0          0 00000000-0000-0000-0000-000000000000 00000000-0000-0000-0000-000000000000 unused
13:  X          0          0 00000000-0000-0000-0000-000000000000 00000000-0000-0000-0000-000000000000 unused
14:  X          0          0 00000000-0000-0000-0000-000000000000 00000000-0000-0000-0000-000000000000 unused
15:  X          0          0 00000000-0000-0000-0000-000000000000 00000000-0000-0000-0000-000000000000 unused
16:  X          0          0 00000000-0000-0000-0000-000000000000 00000000-0000-0000-0000-000000000000 unused
17:  X          0          0 00000000-0000-0000-0000-000000000000 00000000-0000-0000-0000-000000000000 unused
18:  X          0          0 00000000-0000-0000-0000-000000000000 00000000-0000-0000-0000-000000000000 unused
19:  X          0          0 00000000-0000-0000-0000-000000000000 00000000-0000-0000-0000-000000000000 unused
20:  X          0          0 00000000-0000-0000-0000-000000000000 00000000-0000-0000-0000-000000000000 unused
21:  X          0          0 00000000-0000-0000-0000-000000000000 00000000-0000-0000-0000-000000000000 unused
22:  X          0          0 00000000-0000-0000-0000-000000000000 00000000-0000-0000-0000-000000000000 unused
23:  X          0          0 00000000-0000-0000-0000-000000000000 00000000-0000-0000-0000-000000000000 unused
24:  X          0          0 00000000-0000-0000-0000-000000000000 00000000-0000-0000-0000-000000000000 unused
25:  X          0          0 00000000-0000-0000-0000-000000000000 00000000-0000-0000-0000-000000000000 unused
26:  X          0          0 00000000-0000-0000-0000-000000000000 00000000-0000-0000-0000-000000000000 unused
27:  X          0          0 00000000-0000-0000-0000-000000000000 00000000-0000-0000-0000-000000000000 unused
28:  X          0          0 00000000-0000-0000-0000-000000000000 00000000-0000-0000-0000-000000000000 unused
29:  X          0          0 00000000-0000-0000-0000-000000000000 00000000-0000-0000-0000-000000000000 unused
30:  X          0          0 00000000-0000-0000-0000-000000000000 00000000-0000-0000-0000-000000000000 unused
31:  X          0          0 00000000-0000-0000-0000-000000000000 00000000-0000-0000-0000-000000000000 unused
32:  X          0          0 00000000-0000-0000-0000-000000000000 00000000-0000-0000-0000-000000000000 unused
33:  X          0          0 00000000-0000-0000-0000-000000000000 00000000-0000-0000-0000-000000000000 unused
34:  X          0          0 00000000-0000-0000-0000-000000000000 00000000-0000-0000-0000-000000000000 unused
35:  X          0          0 00000000-0000-0000-0000-000000000000 00000000-0000-0000-0000-000000000000 unused
36:  X          0          0 00000000-0000-0000-0000-000000000000 00000000-0000-0000-0000-000000000000 unused
37:  X          0          0 00000000-0000-0000-0000-000000000000 00000000-0000-0000-0000-000000000000 unused
38:  X          0          0 00000000-0000-0000-0000-000000000000 00000000-0000-0000-0000-000000000000 unused
39:  X          0          0 00000000-0000-0000-0000-000000000000 00000000-0000-0000-0000-000000000000 unused
40:  X          0          0 00000000-0000-0000-0000-000000000000 00000000-0000-0000-0000-000000000000 unused
41:  X          0          0 00000000-0000-0000-0000-000000000000 00000000-0000-0000-0000-000000000000 unused
42:  X          0          0 00000000-0000-0000-0000-000000000000 00000000-0000-0000-0000-000000000000 unused
43:  X          0          0 00000000-0000-0000-0000-000000000000 00000000-0000-0000-0000-000000000000 unused
44:  X          0          0 00000000-0000-0000-0000-000000000000 00000000-0000-0000-0000-000000000000 unused
45:  X          0          0 00000000-0000-0000-0000-000000000000 00000000-0000-0000-0000-000000000000 unused
46:  X          0          0 00000000-0000-0000-0000-000000000000 00000000-0000-0000-0000-000000000000 unused
47:  X          0          0 00000000-0000-0000-0000-000000000000 00000000-0000-0000-0000-000000000000 unused
48:  X          0          0 00000000-0000-0000-0000-000000000000 00000000-0000-0000-0000-000000000000 unused
49:  X          0          0 00000000-0000-0000-0000-000000000000 00000000-0000-0000-0000-000000000000 unused
50:  X          0          0 00000000-0000-0000-0000-000000000000 00000000-0000-0000-0000-000000000000 unused
51:  X          0          0 00000000-0000-0000-0000-000000000000 00000000-0000-0000-0000-000000000000 unused
52:  X          0          0 00000000-0000-0000-0000-000000000000 00000000-0000-0000-0000-000000000000 unused
53:  X          0          0 00000000-0000-0000-0000-000000000000 00000000-0000-0000-0000-000000000000 unused
54:  X          0          0 00000000-0000-0000-0000-000000000000 00000000-0000-0000-0000-000000000000 unused
55:  X          0          0 00000000-0000-0000-0000-000000000000 00000000-0000-0000-0000-000000000000 unused
56:  X          0          0 00000000-0000-0000-0000-000000000000 00000000-0000-0000-0000-000000000000 unused
57:  X          0          0 00000000-0000-0000-0000-000000000000 00000000-0000-0000-0000-000000000000 unused
58:  X          0          0 00000000-0000-0000-0000-000000000000 00000000-0000-0000-0000-000000000000 unused
59:  X          0          0 00000000-0000-0000-0000-000000000000 00000000-0000-0000-0000-000000000000 unused
60:  X          0          0 00000000-0000-0000-0000-000000000000 00000000-0000-0000-0000-000000000000 unused
61:  X          0          0 00000000-0000-0000-0000-000000000000 00000000-0000-0000-0000-000000000000 unused
62:  X          0          0 00000000-0000-0000-0000-000000000000 00000000-0000-0000-0000-000000000000 unused
63:  X          0          0 00000000-0000-0000-0000-000000000000 00000000-0000-0000-0000-000000000000 unused
64:  X          0          0 00000000-0000-0000-0000-000000000000 00000000-0000-0000-0000-000000000000 unused
65:  X          0          0 00000000-0000-0000-0000-000000000000 00000000-0000-0000-0000-000000000000 unused
66:  X          0          0 00000000-0000-0000-0000-000000000000 00000000-0000-0000-0000-000000000000 unused
67:  X          0          0 00000000-0000-0000-0000-000000000000 00000000-0000-0000-0000-000000000000 unused
68:  X          0          0 00000000-0000-0000-0000-000000000000 00000000-0000-0000-0000-000000000000 unused
69:  X          0          0 00000000-0000-0000-0000-000000000000 00000000-0000-0000-0000-000000000000 unused
70:  X          0          0 00000000-0000-0000-0000-000000000000 00000000-0000-0000-0000-000000000000 unused
71:  X          0          0 00000000-0000-0000-0000-000000000000 00000000-0000-0000-0000-000000000000 unused
72:  X          0          0 00000000-0000-0000-0000-000000000000 00000000-0000-0000-0000-000000000000 unused
73:  X          0          0 00000000-0000-0000-0000-000000000000 00000000-0000-0000-0000-000000000000 unused
74:  X          0          0 00000000-0000-0000-0000-000000000000 00000000-0000-0000-0000-000000000000 unused
75:  X          0          0 00000000-0000-0000-0000-000000000000 00000000-0000-0000-0000-000000000000 unused
76:  X          0          0 00000000-0000-0000-0000-000000000000 00000000-0000-0000-0000-000000000000 unused
77:  X          0          0 00000000-0000-0000-0000-000000000000 00000000-0000-0000-0000-000000000000 unused
78:  X          0          0 00000000-0000-0000-0000-000000000000 00000000-0000-0000-0000-000000000000 unused
79:  X          0          0 00000000-0000-0000-0000-000000000000 00000000-0000-0000-0000-000000000000 unused
80:  X          0          0 00000000-0000-0000-0000-000000000000 00000000-0000-0000-0000-000000000000 unused
81:  X          0          0 00000000-0000-0000-0000-000000000000 00000000-0000-0000-0000-000000000000 unused
82:  X          0          0 00000000-0000-0000-0000-000000000000 00000000-0000-0000-0000-000000000000 unused
83:  X          0          0 00000000-0000-0000-0000-000000000000 00000000-0000-0000-0000-000000000000 unused
84:  X          0          0 00000000-0000-0000-0000-000000000000 00000000-0000-0000-0000-000000000000 unused
85:  X          0          0 00000000-0000-0000-0000-000000000000 00000000-0000-0000-0000-000000000000 unused
86:  X          0          0 00000000-0000-0000-0000-000000000000 00000000-0000-0000-0000-000000000000 unused
87:  X          0          0 00000000-0000-0000-0000-000000000000 00000000-0000-0000-0000-000000000000 unused
88:  X          0          0 00000000-0000-0000-0000-000000000000 00000000-0000-0000-0000-000000000000 unused
89:  X          0          0 00000000-0000-0000-0000-000000000000 00000000-0000-0000-0000-000000000000 unused
90:  X          0          0 00000000-0000-0000-0000-000000000000 00000000-0000-0000-0000-000000000000 unused
91:  X          0          0 00000000-0000-0000-0000-000000000000 00000000-0000-0000-0000-000000000000 unused
92:  X          0          0 00000000-0000-0000-0000-000000000000 00000000-0000-0000-0000-000000000000 unused
93:  X          0          0 00000000-0000-0000-0000-000000000000 00000000-0000-0000-0000-000000000000 unused
94:  X          0          0 00000000-0000-0000-0000-000000000000 00000000-0000-0000-0000-000000000000 unused
95:  X          0          0 00000000-0000-0000-0000-000000000000 00000000-0000-0000-0000-000000000000 unused
96:  X          0          0 00000000-0000-0000-0000-000000000000 00000000-0000-0000-0000-000000000000 unused
MBR partition table at sector 0 of bigsect-softraid.img:
            Start       Size A    C   H  S    C   H  S Type
0:   X          1 4294967295   1023/255/63-1023/255/63 EFI GPT (0xee)
1:   X          0          0      0/  0/ 0-   0/  0/ 0 unused (0x00)
2:   X          0          0      0/  0/ 0-   0/  0/ 0 unused (0x00)
3:   X          0          0      0/  0/ 0-   0/  0/ 0 unused (0x00)


Dump of bigsect-softraid.img MBR at sector 0 (0x0):
000000000000  ea 05 00 c0 07 8c c8 8e  d0 bc fc ff 8e d8 b8 a0  |................|
000000000010  07 8e c0 31 f6 31 ff b9  00 02 fc f3 a4 ea 22 00  |...1.1........".|
000000000020  a0 07 1e 07 0e 1f b4 02  cd 16 a8 03 74 0a b0 07  |............t...|
000000000030  e8 cb 00 80 0e b4 01 01  f6 c2 80 75 08 be 36 01  |...........u..6.|
000000000040  e8 af 00 b2 80 be be 01  b9 04 00 8a 04 3c 80 74  |.............<.t|
000000000050  0f 83 c6 10 e2 f5 be 6a  01 e8 96 00 fb f4 eb fc  |.......j........|
000000000060  88 d0 24 0f 04 30 a2 27  01 b0 34 28 c8 a2 34 01  |..$..0.'..4(..4.|
000000000070  56 be 1a 01 f6 06 b4 01  01 75 01 46 e8 73 00 5e  |V........u.F.s.^|
000000000080  26 c7 06 fe 01 00 00 f6  06 b4 01 01 75 31 88 14  |&...........u1..|
000000000090  bb aa 55 b4 41 cd 13 8a  14 72 24 81 fb 55 aa 75  |..U.A....r$..U.u|
0000000000a0  1e f6 c1 01 74 19 b0 2e  e8 53 00 66 8b 4c 08 66  |....t....S.f.L.f|
0000000000b0  89 0e 12 01 56 b4 42 be  0a 01 cd 13 5e 73 19 b0  |....V.B.....^s..|
0000000000c0  3b e8 3a 00 8a 74 01 8b  4c 02 b8 01 02 31 db cd  |;.:..t..L....1..|
0000000000d0  13 73 05 be 52 01 eb 81  be 7d 01 e8 14 00 26 81  |.s..R....}....&.|
0000000000e0  3e fe 01 55 aa 75 05 ea  00 7c 00 00 be 61 01 e9  |>..U.u...|...a..|
0000000000f0  67 ff 50 fc ac 84 c0 74  0f e8 02 00 eb f6 50 53  |g.P....t......PS|
000000000100  b4 0e bb 01 00 cd 10 5b  58 c3 10 00 01 00 00 00  |.......[X.......|
000000000110  c0 07 00 00 00 00 00 00  00 00 21 55 73 69 6e 67  |..........!Using|
000000000120  20 64 72 69 76 65 20 58  2c 20 70 61 72 74 69 74  | drive X, partit|
000000000130  69 6f 6e 20 59 00 4d 42  52 20 6f 6e 20 66 6c 6f  |ion Y.MBR on flo|
000000000140  70 70 79 20 6f 72 20 6f  6c 64 20 42 49 4f 53 0d  |ppy or old BIOS.|
000000000150  0a 00 0d 0a 52 65 61 64  20 65 72 72 6f 72 0d 0a  |....Read error..|
000000000160  00 4e 6f 20 4f 2f 53 0d  0a 00 4e 6f 20 61 63 74  |.No O/S...No act|
000000000170  69 76 65 20 70 61 72 74  69 74 69 6f 6e 0d 0a 00  |ive partition...|
000000000180  90 00 00 00 00 00 00 00  00 00 00 00 00 00 00 00  |................|
000000000190  00 00 00 00 00 00 00 00  00 00 00 00 00 00 00 00  |................|
0000000001a0  00 00 00 00 00 00 00 00  00 00 00 00 00 00 00 00  |................|
0000000001b0  00 00 00 00 00 00 4f 78  00 00 00 00 00 00 00 ff  |......Ox........|
0000000001c0  ff ff ee ff ff ff 01 00  00 00 ff ff ff ff 00 00  |................|
0000000001d0  00 00 00 00 00 00 00 00  00 00 00 00 00 00 00 00  |................|
0000000001e0  00 00 00 00 00 00 00 00  00 00 00 00 00 00 00 00  |................|
0000000001f0  00 00 00 00 00 00 00 00  00 00 00 00 00 00 55 aa  |..............U.|
000000000200  00 00 00 00 00 00 00 00  00 00 00 00 00 00 00 00  |................|
000000000210  00 00 00 00 00 00 00 00  00 00 00 00 00 00 00 00  |................|
000000000220  00 00 00 00 00 00 00 00  00 00 00 00 00 00 00 00  |................|
000000000230  00 00 00 00 00 00 00 00  00 00 00 00 00 00 00 00  |................|
000000000240  00 00 00 00 00 00 00 00  00 00 00 00 00 00 00 00  |................|
000000000250  00 00 00 00 00 00 00 00  00 00 00 00 00 00 00 00  |................|
000000000260  00 00 00 00 00 00 00 00  00 00 00 00 00 00 00 00  |................|
000000000270  00 00 00 00 00 00 00 00  00 00 00 00 00 00 00 00  |................|
000000000280  00 00 00 00 00 00 00 00  00 00 00 00 00 00 00 00  |................|
000000000290  00 00 00 00 00 00 00 00  00 00 00 00 00 00 00 00  |................|
0000000002a0  00 00 00 00 00 00 00 00  00 00 00 00 00 00 00 00  |................|
0000000002b0  00 00 00 00 00 00 00 00  00 00 00 00 00 00 00 00  |................|
0000000002c0  00 00 00 00 00 00 00 00  00 00 00 00 00 00 00 00  |................|
0000000002d0  00 00 00 00 00 00 00 00  00 00 00 00 00 00 00 00  |................|
0000000002e0  00 00 00 00 00 00 00 00  00 00 00 00 00 00 00 00  |................|
0000000002f0  00 00 00 00 00 00 00 00  00 00 00 00 00 00 00 00  |................|
000000000300  00 00 00 00 00 00 00 00  00 00 00 00 00 00 00 00  |................|
000000000310  00 00 00 00 00 00 00 00  00 00 00 00 00 00 00 00  |................|
000000000320  00 00 00 00 00 00 00 00  00 00 00 00 00 00 00 00  |................|
000000000330  00 00 00 00 00 00 00 00  00 00 00 00 00 00 00 00  |................|
000000000340  00 00 00 00 00 00 00 00  00 00 00 00 00 00 00 00  |................|
000000000350  00 00 00 00 00 00 00 00  00 00 00 00 00 00 00 00  |................|
000000000360  00 00 00 00 00 00 00 00  00 00 00 00 00 00 00 00  |................|
000000000370  00 00 00 00 00 00 00 00  00 00 00 00 00 00 00 00  |................|
000000000380  00 00 00 00 00 00 00 00  00 00 00 00 00 00 00 00  |................|
000000000390  00 00 00 00 00 00 00 00  00 00 00 00 00 00 00 00  |................|
0000000003a0  00 00 00 00 00 00 00 00  00 00 00 00 00 00 00 00  |................|
0000000003b0  00 00 00 00 00 00 00 00  00 00 00 00 00 00 00 00  |................|
0000000003c0  00 00 00 00 00 00 00 00  00 00 00 00 00 00 00 00  |................|
0000000003d0  00 00 00 00 00 00 00 00  00 00 00 00 00 00 00 00  |................|
0000000003e0  00 00 00 00 00 00 00 00  00 00 00 00 00 00 00 00  |................|
0000000003f0  00 00 00 00 00 00 00 00  00 00 00 00 00 00 00 00  |................|
000000000400  00 00 00 00 00 00 00 00  00 00 00 00 00 00 00 00  |................|
000000000410  00 00 00 00 00 00 00 00  00 00 00 00 00 00 00 00  |................|
000000000420  00 00 00 00 00 00 00 00  00 00 00 00 00 00 00 00  |................|
000000000430  00 00 00 00 00 00 00 00  00 00 00 00 00 00 00 00  |................|
000000000440  00 00 00 00 00 00 00 00  00 00 00 00 00 00 00 00  |................|
000000000450  00 00 00 00 00 00 00 00  00 00 00 00 00 00 00 00  |................|
000000000460  00 00 00 00 00 00 00 00  00 00 00 00 00 00 00 00  |................|
000000000470  00 00 00 00 00 00 00 00  00 00 00 00 00 00 00 00  |................|
000000000480  00 00 00 00 00 00 00 00  00 00 00 00 00 00 00 00  |................|
000000000490  00 00 00 00 00 00 00 00  00 00 00 00 00 00 00 00  |................|
0000000004a0  00 00 00 00 00 00 00 00  00 00 00 00 00 00 00 00  |................|
0000000004b0  00 00 00 00 00 00 00 00  00 00 00 00 00 00 00 00  |................|
0000000004c0  00 00 00 00 00 00 00 00  00 00 00 00 00 00 00 00  |................|
0000000004d0  00 00 00 00 00 00 00 00  00 00 00 00 00 00 00 00  |................|
0000000004e0  00 00 00 00 00 00 00 00  00 00 00 00 00 00 00 00  |................|
0000000004f0  00 00 00 00 00 00 00 00  00 00 00 00 00 00 00 00  |................|
000000000500  00 00 00 00 00 00 00 00  00 00 00 00 00 00 00 00  |................|
000000000510  00 00 00 00 00 00 00 00  00 00 00 00 00 00 00 00  |................|
000000000520  00 00 00 00 00 00 00 00  00 00 00 00 00 00 00 00  |................|
000000000530  00 00 00 00 00 00 00 00  00 00 00 00 00 00 00 00  |................|
000000000540  00 00 00 00 00 00 00 00  00 00 00 00 00 00 00 00  |................|
000000000550  00 00 00 00 00 00 00 00  00 00 00 00 00 00 00 00  |................|
000000000560  00 00 00 00 00 00 00 00  00 00 00 00 00 00 00 00  |................|
000000000570  00 00 00 00 00 00 00 00  00 00 00 00 00 00 00 00  |................|
000000000580  00 00 00 00 00 00 00 00  00 00 00 00 00 00 00 00  |................|
000000000590  00 00 00 00 00 00 00 00  00 00 00 00 00 00 00 00  |................|
0000000005a0  00 00 00 00 00 00 00 00  00 00 00 00 00 00 00 00  |................|
0000000005b0  00 00 00 00 00 00 00 00  00 00 00 00 00 00 00 00  |................|
0000000005c0  00 00 00 00 00 00 00 00  00 00 00 00 00 00 00 00  |................|
0000000005d0  00 00 00 00 00 00 00 00  00 00 00 00 00 00 00 00  |................|
0000000005e0  00 00 00 00 00 00 00 00  00 00 00 00 00 00 00 00  |................|
0000000005f0  00 00 00 00 00 00 00 00  00 00 00 00 00 00 00 00  |................|
000000000600  00 00 00 00 00 00 00 00  00 00 00 00 00 00 00 00  |................|
000000000610  00 00 00 00 00 00 00 00  00 00 00 00 00 00 00 00  |................|
000000000620  00 00 00 00 00 00 00 00  00 00 00 00 00 00 00 00  |................|
000000000630  00 00 00 00 00 00 00 00  00 00 00 00 00 00 00 00  |................|
000000000640  00 00 00 00 00 00 00 00  00 00 00 00 00 00 00 00  |................|
000000000650  00 00 00 00 00 00 00 00  00 00 00 00 00 00 00 00  |................|
000000000660  00 00 00 00 00 00 00 00  00 00 00 00 00 00 00 00  |................|
000000000670  00 00 00 00 00 00 00 00  00 00 00 00 00 00 00 00  |................|
000000000680  00 00 00 00 00 00 00 00  00 00 00 00 00 00 00 00  |................|
000000000690  00 00 00 00 00 00 00 00  00 00 00 00 00 00 00 00  |................|
0000000006a0  00 00 00 00 00 00 00 00  00 00 00 00 00 00 00 00  |................|
0000000006b0  00 00 00 00 00 00 00 00  00 00 00 00 00 00 00 00  |................|
0000000006c0  00 00 00 00 00 00 00 00  00 00 00 00 00 00 00 00  |................|
0000000006d0  00 00 00 00 00 00 00 00  00 00 00 00 00 00 00 00  |................|
0000000006e0  00 00 00 00 00 00 00 00  00 00 00 00 00 00 00 00  |................|
0000000006f0  00 00 00 00 00 00 00 00  00 00 00 00 00 00 00 00  |................|
000000000700  00 00 00 00 00 00 00 00  00 00 00 00 00 00 00 00  |................|
000000000710  00 00 00 00 00 00 00 00  00 00 00 00 00 00 00 00  |................|
000000000720  00 00 00 00 00 00 00 00  00 00 00 00 00 00 00 00  |................|
000000000730  00 00 00 00 00 00 00 00  00 00 00 00 00 00 00 00  |................|
000000000740  00 00 00 00 00 00 00 00  00 00 00 00 00 00 00 00  |................|
000000000750  00 00 00 00 00 00 00 00  00 00 00 00 00 00 00 00  |................|
000000000760  00 00 00 00 00 00 00 00  00 00 00 00 00 00 00 00  |................|
000000000770  00 00 00 00 00 00 00 00  00 00 00 00 00 00 00 00  |................|
000000000780  00 00 00 00 00 00 00 00  00 00 00 00 00 00 00 00  |................|
000000000790  00 00 00 00 00 00 00 00  00 00 00 00 00 00 00 00  |................|
0000000007a0  00 00 00 00 00 00 00 00  00 00 00 00 00 00 00 00  |................|
0000000007b0  00 00 00 00 00 00 00 00  00 00 00 00 00 00 00 00  |................|
0000000007c0  00 00 00 00 00 00 00 00  00 00 00 00 00 00 00 00  |................|
0000000007d0  00 00 00 00 00 00 00 00  00 00 00 00 00 00 00 00  |................|
0000000007e0  00 00 00 00 00 00 00 00  00 00 00 00 00 00 00 00  |................|
0000000007f0  00 00 00 00 00 00 00 00  00 00 00 00 00 00 00 00  |................|
000000000800  00 00 00 00 00 00 00 00  00 00 00 00 00 00 00 00  |................|
000000000810  00 00 00 00 00 00 00 00  00 00 00 00 00 00 00 00  |................|
000000000820  00 00 00 00 00 00 00 00  00 00 00 00 00 00 00 00  |................|
000000000830  00 00 00 00 00 00 00 00  00 00 00 00 00 00 00 00  |................|
000000000840  00 00 00 00 00 00 00 00  00 00 00 00 00 00 00 00  |................|
000000000850  00 00 00 00 00 00 00 00  00 00 00 00 00 00 00 00  |................|
000000000860  00 00 00 00 00 00 00 00  00 00 00 00 00 00 00 00  |................|
000000000870  00 00 00 00 00 00 00 00  00 00 00 00 00 00 00 00  |................|
000000000880  00 00 00 00 00 00 00 00  00 00 00 00 00 00 00 00  |................|
000000000890  00 00 00 00 00 00 00 00  00 00 00 00 00 00 00 00  |................|
0000000008a0  00 00 00 00 00 00 00 00  00 00 00 00 00 00 00 00  |................|
0000000008b0  00 00 00 00 00 00 00 00  00 00 00 00 00 00 00 00  |................|
0000000008c0  00 00 00 00 00 00 00 00  00 00 00 00 00 00 00 00  |................|
0000000008d0  00 00 00 00 00 00 00 00  00 00 00 00 00 00 00 00  |................|
0000000008e0  00 00 00 00 00 00 00 00  00 00 00 00 00 00 00 00  |................|
0000000008f0  00 00 00 00 00 00 00 00  00 00 00 00 00 00 00 00  |................|
000000000900  00 00 00 00 00 00 00 00  00 00 00 00 00 00 00 00  |................|
000000000910  00 00 00 00 00 00 00 00  00 00 00 00 00 00 00 00  |................|
000000000920  00 00 00 00 00 00 00 00  00 00 00 00 00 00 00 00  |................|
000000000930  00 00 00 00 00 00 00 00  00 00 00 00 00 00 00 00  |................|
000000000940  00 00 00 00 00 00 00 00  00 00 00 00 00 00 00 00  |................|
000000000950  00 00 00 00 00 00 00 00  00 00 00 00 00 00 00 00  |................|
000000000960  00 00 00 00 00 00 00 00  00 00 00 00 00 00 00 00  |................|
000000000970  00 00 00 00 00 00 00 00  00 00 00 00 00 00 00 00  |................|
000000000980  00 00 00 00 00 00 00 00  00 00 00 00 00 00 00 00  |................|
000000000990  00 00 00 00 00 00 00 00  00 00 00 00 00 00 00 00  |................|
0000000009a0  00 00 00 00 00 00 00 00  00 00 00 00 00 00 00 00  |................|
0000000009b0  00 00 00 00 00 00 00 00  00 00 00 00 00 00 00 00  |................|
0000000009c0  00 00 00 00 00 00 00 00  00 00 00 00 00 00 00 00  |................|
0000000009d0  00 00 00 00 00 00 00 00  00 00 00 00 00 00 00 00  |................|
0000000009e0  00 00 00 00 00 00 00 00  00 00 00 00 00 00 00 00  |................|
0000000009f0  00 00 00 00 00 00 00 00  00 00 00 00 00 00 00 00  |................|
000000000a00  00 00 00 00 00 00 00 00  00 00 00 00 00 00 00 00  |................|
000000000a10  00 00 00 00 00 00 00 00  00 00 00 00 00 00 00 00  |................|
000000000a20  00 00 00 00 00 00 00 00  00 00 00 00 00 00 00 00  |................|
000000000a30  00 00 00 00 00 00 00 00  00 00 00 00 00 00 00 00  |................|
000000000a40  00 00 00 00 00 00 00 00  00 00 00 00 00 00 00 00  |................|
000000000a50  00 00 00 00 00 00 00 00  00 00 00 00 00 00 00 00  |................|
000000000a60  00 00 00 00 00 00 00 00  00 00 00 00 00 00 00 00  |................|
000000000a70  00 00 00 00 00 00 00 00  00 00 00 00 00 00 00 00  |................|
000000000a80  00 00 00 00 00 00 00 00  00 00 00 00 00 00 00 00  |................|
000000000a90  00 00 00 00 00 00 00 00  00 00 00 00 00 00 00 00  |................|
000000000aa0  00 00 00 00 00 00 00 00  00 00 00 00 00 00 00 00  |................|
000000000ab0  00 00 00 00 00 00 00 00  00 00 00 00 00 00 00 00  |................|
000000000ac0  00 00 00 00 00 00 00 00  00 00 00 00 00 00 00 00  |................|
000000000ad0  00 00 00 00 00 00 00 00  00 00 00 00 00 00 00 00  |................|
000000000ae0  00 00 00 00 00 00 00 00  00 00 00 00 00 00 00 00  |................|
000000000af0  00 00 00 00 00 00 00 00  00 00 00 00 00 00 00 00  |................|
000000000b00  00 00 00 00 00 00 00 00  00 00 00 00 00 00 00 00  |................|
000000000b10  00 00 00 00 00 00 00 00  00 00 00 00 00 00 00 00  |................|
000000000b20  00 00 00 00 00 00 00 00  00 00 00 00 00 00 00 00  |................|
000000000b30  00 00 00 00 00 00 00 00  00 00 00 00 00 00 00 00  |................|
000000000b40  00 00 00 00 00 00 00 00  00 00 00 00 00 00 00 00  |................|
000000000b50  00 00 00 00 00 00 00 00  00 00 00 00 00 00 00 00  |................|
000000000b60  00 00 00 00 00 00 00 00  00 00 00 00 00 00 00 00  |................|
000000000b70  00 00 00 00 00 00 00 00  00 00 00 00 00 00 00 00  |................|
000000000b80  00 00 00 00 00 00 00 00  00 00 00 00 00 00 00 00  |................|
000000000b90  00 00 00 00 00 00 00 00  00 00 00 00 00 00 00 00  |................|
000000000ba0  00 00 00 00 00 00 00 00  00 00 00 00 00 00 00 00  |................|
000000000bb0  00 00 00 00 00 00 00 00  00 00 00 00 00 00 00 00  |................|
000000000bc0  00 00 00 00 00 00 00 00  00 00 00 00 00 00 00 00  |................|
000000000bd0  00 00 00 00 00 00 00 00  00 00 00 00 00 00 00 00  |................|
000000000be0  00 00 00 00 00 00 00 00  00 00 00 00 00 00 00 00  |................|
000000000bf0  00 00 00 00 00 00 00 00  00 00 00 00 00 00 00 00  |................|
000000000c00  00 00 00 00 00 00 00 00  00 00 00 00 00 00 00 00  |................|
000000000c10  00 00 00 00 00 00 00 00  00 00 00 00 00 00 00 00  |................|
000000000c20  00 00 00 00 00 00 00 00  00 00 00 00 00 00 00 00  |................|
000000000c30  00 00 00 00 00 00 00 00  00 00 00 00 00 00 00 00  |................|
000000000c40  00 00 00 00 00 00 00 00  00 00 00 00 00 00 00 00  |................|
000000000c50  00 00 00 00 00 00 00 00  00 00 00 00 00 00 00 00  |................|
000000000c60  00 00 00 00 00 00 00 00  00 00 00 00 00 00 00 00  |................|
000000000c70  00 00 00 00 00 00 00 00  00 00 00 00 00 00 00 00  |................|
000000000c80  00 00 00 00 00 00 00 00  00 00 00 00 00 00 00 00  |................|
000000000c90  00 00 00 00 00 00 00 00  00 00 00 00 00 00 00 00  |................|
000000000ca0  00 00 00 00 00 00 00 00  00 00 00 00 00 00 00 00  |................|
000000000cb0  00 00 00 00 00 00 00 00  00 00 00 00 00 00 00 00  |................|
000000000cc0  00 00 00 00 00 00 00 00  00 00 00 00 00 00 00 00  |................|
000000000cd0  00 00 00 00 00 00 00 00  00 00 00 00 00 00 00 00  |................|
000000000ce0  00 00 00 00 00 00 00 00  00 00 00 00 00 00 00 00  |................|
000000000cf0  00 00 00 00 00 00 00 00  00 00 00 00 00 00 00 00  |................|
000000000d00  00 00 00 00 00 00 00 00  00 00 00 00 00 00 00 00  |................|
000000000d10  00 00 00 00 00 00 00 00  00 00 00 00 00 00 00 00  |................|
000000000d20  00 00 00 00 00 00 00 00  00 00 00 00 00 00 00 00  |................|
000000000d30  00 00 00 00 00 00 00 00  00 00 00 00 00 00 00 00  |................|
000000000d40  00 00 00 00 00 00 00 00  00 00 00 00 00 00 00 00  |................|
000000000d50  00 00 00 00 00 00 00 00  00 00 00 00 00 00 00 00  |................|
000000000d60  00 00 00 00 00 00 00 00  00 00 00 00 00 00 00 00  |................|
000000000d70  00 00 00 00 00 00 00 00  00 00 00 00 00 00 00 00  |................|
000000000d80  00 00 00 00 00 00 00 00  00 00 00 00 00 00 00 00  |................|
000000000d90  00 00 00 00 00 00 00 00  00 00 00 00 00 00 00 00  |................|
000000000da0  00 00 00 00 00 00 00 00  00 00 00 00 00 00 00 00  |................|
000000000db0  00 00 00 00 00 00 00 00  00 00 00 00 00 00 00 00  |................|
000000000dc0  00 00 00 00 00 00 00 00  00 00 00 00 00 00 00 00  |................|
000000000dd0  00 00 00 00 00 00 00 00  00 00 00 00 00 00 00 00  |................|
000000000de0  00 00 00 00 00 00 00 00  00 00 00 00 00 00 00 00  |................|
000000000df0  00 00 00 00 00 00 00 00  00 00 00 00 00 00 00 00  |................|
000000000e00  00 00 00 00 00 00 00 00  00 00 00 00 00 00 00 00  |................|
000000000e10  00 00 00 00 00 00 00 00  00 00 00 00 00 00 00 00  |................|
000000000e20  00 00 00 00 00 00 00 00  00 00 00 00 00 00 00 00  |................|
000000000e30  00 00 00 00 00 00 00 00  00 00 00 00 00 00 00 00  |................|
000000000e40  00 00 00 00 00 00 00 00  00 00 00 00 00 00 00 00  |................|
000000000e50  00 00 00 00 00 00 00 00  00 00 00 00 00 00 00 00  |................|
000000000e60  00 00 00 00 00 00 00 00  00 00 00 00 00 00 00 00  |................|
000000000e70  00 00 00 00 00 00 00 00  00 00 00 00 00 00 00 00  |................|
000000000e80  00 00 00 00 00 00 00 00  00 00 00 00 00 00 00 00  |................|
000000000e90  00 00 00 00 00 00 00 00  00 00 00 00 00 00 00 00  |................|
000000000ea0  00 00 00 00 00 00 00 00  00 00 00 00 00 00 00 00  |................|
000000000eb0  00 00 00 00 00 00 00 00  00 00 00 00 00 00 00 00  |................|
000000000ec0  00 00 00 00 00 00 00 00  00 00 00 00 00 00 00 00  |................|
000000000ed0  00 00 00 00 00 00 00 00  00 00 00 00 00 00 00 00  |................|
000000000ee0  00 00 00 00 00 00 00 00  00 00 00 00 00 00 00 00  |................|
000000000ef0  00 00 00 00 00 00 00 00  00 00 00 00 00 00 00 00  |................|
000000000f00  00 00 00 00 00 00 00 00  00 00 00 00 00 00 00 00  |................|
000000000f10  00 00 00 00 00 00 00 00  00 00 00 00 00 00 00 00  |................|
000000000f20  00 00 00 00 00 00 00 00  00 00 00 00 00 00 00 00  |................|
000000000f30  00 00 00 00 00 00 00 00  00 00 00 00 00 00 00 00  |................|
000000000f40  00 00 00 00 00 00 00 00  00 00 00 00 00 00 00 00  |................|
000000000f50  00 00 00 00 00 00 00 00  00 00 00 00 00 00 00 00  |................|
000000000f60  00 00 00 00 00 00 00 00  00 00 00 00 00 00 00 00  |................|
000000000f70  00 00 00 00 00 00 00 00  00 00 00 00 00 00 00 00  |................|
000000000f80  00 00 00 00 00 00 00 00  00 00 00 00 00 00 00 00  |................|
000000000f90  00 00 00 00 00 00 00 00  00 00 00 00 00 00 00 00  |................|
000000000fa0  00 00 00 00 00 00 00 00  00 00 00 00 00 00 00 00  |................|
000000000fb0  00 00 00 00 00 00 00 00  00 00 00 00 00 00 00 00  |................|
000000000fc0  00 00 00 00 00 00 00 00  00 00 00 00 00 00 00 00  |................|
000000000fd0  00 00 00 00 00 00 00 00  00 00 00 00 00 00 00 00  |................|
000000000fe0  00 00 00 00 00 00 00 00  00 00 00 00 00 00 00 00  |................|
000000000ff0  00 00 00 00 00 00 00 00  00 00 00 00 00 00 00 00  |................|
000000001000


Dump of bigsect-softraid.img EFI GPT at sector 1 (0x1):
000000001000  45 46 49 20 50 41 52 54  00 00 01 00 5c 00 00 00  |EFI PART....\...|
000000001010  50 5b 36 48 00 00 00 00  01 00 00 00 00 00 00 00  |P[6H............|
000000001020  ff ff 4f 00 00 00 00 00  40 00 00 00 00 00 00 00  |..O.....@.......|
000000001030  c0 ff 4f 00 00 00 00 00  7a f2 da b5 36 0d 52 47  |..O.....z...6.RG|
000000001040  bf 9a 24 18 5b d7 d3 df  02 00 00 00 00 00 00 00  |..$.[...........|
000000001050  80 00 00 00 80 00 00 00  bf 8e 38 15 00 00 00 00  |..........8.....|
000000001060  00 00 00 00 00 00 00 00  00 00 00 00 00 00 00 00  |................|
000000001070  00 00 00 00 00 00 00 00  00 00 00 00 00 00 00 00  |................|
000000001080  00 00 00 00 00 00 00 00  00 00 00 00 00 00 00 00  |................|
000000001090  00 00 00 00 00 00 00 00  00 00 00 00 00 00 00 00  |................|
0000000010a0  00 00 00 00 00 00 00 00  00 00 00 00 00 00 00 00  |................|
0000000010b0  00 00 00 00 00 00 00 00  00 00 00 00 00 00 00 00  |................|
0000000010c0  00 00 00 00 00 00 00 00  00 00 00 00 00 00 00 00  |................|
0000000010d0  00 00 00 00 00 00 00 00  00 00 00 00 00 00 00 00  |................|
0000000010e0  00 00 00 00 00 00 00 00  00 00 00 00 00 00 00 00  |................|
0000000010f0  00 00 00 00 00 00 00 00  00 00 00 00 00 00 00 00  |................|
000000001100  00 00 00 00 00 00 00 00  00 00 00 00 00 00 00 00  |................|
000000001110  00 00 00 00 00 00 00 00  00 00 00 00 00 00 00 00  |................|
000000001120  00 00 00 00 00 00 00 00  00 00 00 00 00 00 00 00  |................|
000000001130  00 00 00 00 00 00 00 00  00 00 00 00 00 00 00 00  |................|
000000001140  00 00 00 00 00 00 00 00  00 00 00 00 00 00 00 00  |................|
000000001150  00 00 00 00 00 00 00 00  00 00 00 00 00 00 00 00  |................|
000000001160  00 00 00 00 00 00 00 00  00 00 00 00 00 00 00 00  |................|
000000001170  00 00 00 00 00 00 00 00  00 00 00 00 00 00 00 00  |................|
000000001180  00 00 00 00 00 00 00 00  00 00 00 00 00 00 00 00  |................|
000000001190  00 00 00 00 00 00 00 00  00 00 00 00 00 00 00 00  |................|
0000000011a0  00 00 00 00 00 00 00 00  00 00 00 00 00 00 00 00  |................|
0000000011b0  00 00 00 00 00 00 00 00  00 00 00 00 00 00 00 00  |................|
0000000011c0  00 00 00 00 00 00 00 00  00 00 00 00 00 00 00 00  |................|
0000000011d0  00 00 00 00 00 00 00 00  00 00 00 00 00 00 00 00  |................|
0000000011e0  00 00 00 00 00 00 00 00  00 00 00 00 00 00 00 00  |................|
0000000011f0  00 00 00 00 00 00 00 00  00 00 00 00 00 00 00 00  |................|
000000001200  00 00 00 00 00 00 00 00  00 00 00 00 00 00 00 00  |................|
000000001210  00 00 00 00 00 00 00 00  00 00 00 00 00 00 00 00  |................|
000000001220  00 00 00 00 00 00 00 00  00 00 00 00 00 00 00 00  |................|
000000001230  00 00 00 00 00 00 00 00  00 00 00 00 00 00 00 00  |................|
000000001240  00 00 00 00 00 00 00 00  00 00 00 00 00 00 00 00  |................|
000000001250  00 00 00 00 00 00 00 00  00 00 00 00 00 00 00 00  |................|
000000001260  00 00 00 00 00 00 00 00  00 00 00 00 00 00 00 00  |................|
000000001270  00 00 00 00 00 00 00 00  00 00 00 00 00 00 00 00  |................|
000000001280  00 00 00 00 00 00 00 00  00 00 00 00 00 00 00 00  |................|
000000001290  00 00 00 00 00 00 00 00  00 00 00 00 00 00 00 00  |................|
0000000012a0  00 00 00 00 00 00 00 00  00 00 00 00 00 00 00 00  |................|
0000000012b0  00 00 00 00 00 00 00 00  00 00 00 00 00 00 00 00  |................|
0000000012c0  00 00 00 00 00 00 00 00  00 00 00 00 00 00 00 00  |................|
0000000012d0  00 00 00 00 00 00 00 00  00 00 00 00 00 00 00 00  |................|
0000000012e0  00 00 00 00 00 00 00 00  00 00 00 00 00 00 00 00  |................|
0000000012f0  00 00 00 00 00 00 00 00  00 00 00 00 00 00 00 00  |................|
000000001300  00 00 00 00 00 00 00 00  00 00 00 00 00 00 00 00  |................|
000000001310  00 00 00 00 00 00 00 00  00 00 00 00 00 00 00 00  |................|
000000001320  00 00 00 00 00 00 00 00  00 00 00 00 00 00 00 00  |................|
000000001330  00 00 00 00 00 00 00 00  00 00 00 00 00 00 00 00  |................|
000000001340  00 00 00 00 00 00 00 00  00 00 00 00 00 00 00 00  |................|
000000001350  00 00 00 00 00 00 00 00  00 00 00 00 00 00 00 00  |................|
000000001360  00 00 00 00 00 00 00 00  00 00 00 00 00 00 00 00  |................|
000000001370  00 00 00 00 00 00 00 00  00 00 00 00 00 00 00 00  |................|
000000001380  00 00 00 00 00 00 00 00  00 00 00 00 00 00 00 00  |................|
000000001390  00 00 00 00 00 00 00 00  00 00 00 00 00 00 00 00  |................|
0000000013a0  00 00 00 00 00 00 00 00  00 00 00 00 00 00 00 00  |................|
0000000013b0  00 00 00 00 00 00 00 00  00 00 00 00 00 00 00 00  |................|
0000000013c0  00 00 00 00 00 00 00 00  00 00 00 00 00 00 00 00  |................|
0000000013d0  00 00 00 00 00 00 00 00  00 00 00 00 00 00 00 00  |................|
0000000013e0  00 00 00 00 00 00 00 00  00 00 00 00 00 00 00 00  |................|
0000000013f0  00 00 00 00 00 00 00 00  00 00 00 00 00 00 00 00  |................|
000000001400  00 00 00 00 00 00 00 00  00 00 00 00 00 00 00 00  |................|
000000001410  00 00 00 00 00 00 00 00  00 00 00 00 00 00 00 00  |................|
000000001420  00 00 00 00 00 00 00 00  00 00 00 00 00 00 00 00  |................|
000000001430  00 00 00 00 00 00 00 00  00 00 00 00 00 00 00 00  |................|
000000001440  00 00 00 00 00 00 00 00  00 00 00 00 00 00 00 00  |................|
000000001450  00 00 00 00 00 00 00 00  00 00 00 00 00 00 00 00  |................|
000000001460  00 00 00 00 00 00 00 00  00 00 00 00 00 00 00 00  |................|
000000001470  00 00 00 00 00 00 00 00  00 00 00 00 00 00 00 00  |................|
000000001480  00 00 00 00 00 00 00 00  00 00 00 00 00 00 00 00  |................|
000000001490  00 00 00 00 00 00 00 00  00 00 00 00 00 00 00 00  |................|
0000000014a0  00 00 00 00 00 00 00 00  00 00 00 00 00 00 00 00  |................|
0000000014b0  00 00 00 00 00 00 00 00  00 00 00 00 00 00 00 00  |................|
0000000014c0  00 00 00 00 00 00 00 00  00 00 00 00 00 00 00 00  |................|
0000000014d0  00 00 00 00 00 00 00 00  00 00 00 00 00 00 00 00  |................|
0000000014e0  00 00 00 00 00 00 00 00  00 00 00 00 00 00 00 00  |................|
0000000014f0  00 00 00 00 00 00 00 00  00 00 00 00 00 00 00 00  |................|
000000001500  00 00 00 00 00 00 00 00  00 00 00 00 00 00 00 00  |................|
000000001510  00 00 00 00 00 00 00 00  00 00 00 00 00 00 00 00  |................|
000000001520  00 00 00 00 00 00 00 00  00 00 00 00 00 00 00 00  |................|
000000001530  00 00 00 00 00 00 00 00  00 00 00 00 00 00 00 00  |................|
000000001540  00 00 00 00 00 00 00 00  00 00 00 00 00 00 00 00  |................|
000000001550  00 00 00 00 00 00 00 00  00 00 00 00 00 00 00 00  |................|
000000001560  00 00 00 00 00 00 00 00  00 00 00 00 00 00 00 00  |................|
000000001570  00 00 00 00 00 00 00 00  00 00 00 00 00 00 00 00  |................|
000000001580  00 00 00 00 00 00 00 00  00 00 00 00 00 00 00 00  |................|
000000001590  00 00 00 00 00 00 00 00  00 00 00 00 00 00 00 00  |................|
0000000015a0  00 00 00 00 00 00 00 00  00 00 00 00 00 00 00 00  |................|
0000000015b0  00 00 00 00 00 00 00 00  00 00 00 00 00 00 00 00  |................|
0000000015c0  00 00 00 00 00 00 00 00  00 00 00 00 00 00 00 00  |................|
0000000015d0  00 00 00 00 00 00 00 00  00 00 00 00 00 00 00 00  |................|
0000000015e0  00 00 00 00 00 00 00 00  00 00 00 00 00 00 00 00  |................|
0000000015f0  00 00 00 00 00 00 00 00  00 00 00 00 00 00 00 00  |................|
000000001600  00 00 00 00 00 00 00 00  00 00 00 00 00 00 00 00  |................|
000000001610  00 00 00 00 00 00 00 00  00 00 00 00 00 00 00 00  |................|
000000001620  00 00 00 00 00 00 00 00  00 00 00 00 00 00 00 00  |................|
000000001630  00 00 00 00 00 00 00 00  00 00 00 00 00 00 00 00  |................|
000000001640  00 00 00 00 00 00 00 00  00 00 00 00 00 00 00 00  |................|
000000001650  00 00 00 00 00 00 00 00  00 00 00 00 00 00 00 00  |................|
000000001660  00 00 00 00 00 00 00 00  00 00 00 00 00 00 00 00  |................|
000000001670  00 00 00 00 00 00 00 00  00 00 00 00 00 00 00 00  |................|
000000001680  00 00 00 00 00 00 00 00  00 00 00 00 00 00 00 00  |................|
000000001690  00 00 00 00 00 00 00 00  00 00 00 00 00 00 00 00  |................|
0000000016a0  00 00 00 00 00 00 00 00  00 00 00 00 00 00 00 00  |................|
0000000016b0  00 00 00 00 00 00 00 00  00 00 00 00 00 00 00 00  |................|
0000000016c0  00 00 00 00 00 00 00 00  00 00 00 00 00 00 00 00  |................|
0000000016d0  00 00 00 00 00 00 00 00  00 00 00 00 00 00 00 00  |................|
0000000016e0  00 00 00 00 00 00 00 00  00 00 00 00 00 00 00 00  |................|
0000000016f0  00 00 00 00 00 00 00 00  00 00 00 00 00 00 00 00  |................|
000000001700  00 00 00 00 00 00 00 00  00 00 00 00 00 00 00 00  |................|
000000001710  00 00 00 00 00 00 00 00  00 00 00 00 00 00 00 00  |................|
000000001720  00 00 00 00 00 00 00 00  00 00 00 00 00 00 00 00  |................|
000000001730  00 00 00 00 00 00 00 00  00 00 00 00 00 00 00 00  |................|
000000001740  00 00 00 00 00 00 00 00  00 00 00 00 00 00 00 00  |................|
000000001750  00 00 00 00 00 00 00 00  00 00 00 00 00 00 00 00  |................|
000000001760  00 00 00 00 00 00 00 00  00 00 00 00 00 00 00 00  |................|
000000001770  00 00 00 00 00 00 00 00  00 00 00 00 00 00 00 00  |................|
000000001780  00 00 00 00 00 00 00 00  00 00 00 00 00 00 00 00  |................|
000000001790  00 00 00 00 00 00 00 00  00 00 00 00 00 00 00 00  |................|
0000000017a0  00 00 00 00 00 00 00 00  00 00 00 00 00 00 00 00  |................|
0000000017b0  00 00 00 00 00 00 00 00  00 00 00 00 00 00 00 00  |................|
0000000017c0  00 00 00 00 00 00 00 00  00 00 00 00 00 00 00 00  |................|
0000000017d0  00 00 00 00 00 00 00 00  00 00 00 00 00 00 00 00  |................|
0000000017e0  00 00 00 00 00 00 00 00  00 00 00 00 00 00 00 00  |................|
0000000017f0  00 00 00 00 00 00 00 00  00 00 00 00 00 00 00 00  |................|
000000001800  00 00 00 00 00 00 00 00  00 00 00 00 00 00 00 00  |................|
000000001810  00 00 00 00 00 00 00 00  00 00 00 00 00 00 00 00  |................|
000000001820  00 00 00 00 00 00 00 00  00 00 00 00 00 00 00 00  |................|
000000001830  00 00 00 00 00 00 00 00  00 00 00 00 00 00 00 00  |................|
000000001840  00 00 00 00 00 00 00 00  00 00 00 00 00 00 00 00  |................|
000000001850  00 00 00 00 00 00 00 00  00 00 00 00 00 00 00 00  |................|
000000001860  00 00 00 00 00 00 00 00  00 00 00 00 00 00 00 00  |................|
000000001870  00 00 00 00 00 00 00 00  00 00 00 00 00 00 00 00  |................|
000000001880  00 00 00 00 00 00 00 00  00 00 00 00 00 00 00 00  |................|
000000001890  00 00 00 00 00 00 00 00  00 00 00 00 00 00 00 00  |................|
0000000018a0  00 00 00 00 00 00 00 00  00 00 00 00 00 00 00 00  |................|
0000000018b0  00 00 00 00 00 00 00 00  00 00 00 00 00 00 00 00  |................|
0000000018c0  00 00 00 00 00 00 00 00  00 00 00 00 00 00 00 00  |................|
0000000018d0  00 00 00 00 00 00 00 00  00 00 00 00 00 00 00 00  |................|
0000000018e0  00 00 00 00 00 00 00 00  00 00 00 00 00 00 00 00  |................|
0000000018f0  00 00 00 00 00 00 00 00  00 00 00 00 00 00 00 00  |................|
000000001900  00 00 00 00 00 00 00 00  00 00 00 00 00 00 00 00  |................|
000000001910  00 00 00 00 00 00 00 00  00 00 00 00 00 00 00 00  |................|
000000001920  00 00 00 00 00 00 00 00  00 00 00 00 00 00 00 00  |................|
000000001930  00 00 00 00 00 00 00 00  00 00 00 00 00 00 00 00  |................|
000000001940  00 00 00 00 00 00 00 00  00 00 00 00 00 00 00 00  |................|
000000001950  00 00 00 00 00 00 00 00  00 00 00 00 00 00 00 00  |................|
000000001960  00 00 00 00 00 00 00 00  00 00 00 00 00 00 00 00  |................|
000000001970  00 00 00 00 00 00 00 00  00 00 00 00 00 00 00 00  |................|
000000001980  00 00 00 00 00 00 00 00  00 00 00 00 00 00 00 00  |................|
000000001990  00 00 00 00 00 00 00 00  00 00 00 00 00 00 00 00  |................|
0000000019a0  00 00 00 00 00 00 00 00  00 00 00 00 00 00 00 00  |................|
0000000019b0  00 00 00 00 00 00 00 00  00 00 00 00 00 00 00 00  |................|
0000000019c0  00 00 00 00 00 00 00 00  00 00 00 00 00 00 00 00  |................|
0000000019d0  00 00 00 00 00 00 00 00  00 00 00 00 00 00 00 00  |................|
0000000019e0  00 00 00 00 00 00 00 00  00 00 00 00 00 00 00 00  |................|
0000000019f0  00 00 00 00 00 00 00 00  00 00 00 00 00 00 00 00  |................|
000000001a00  00 00 00 00 00 00 00 00  00 00 00 00 00 00 00 00  |................|
000000001a10  00 00 00 00 00 00 00 00  00 00 00 00 00 00 00 00  |................|
000000001a20  00 00 00 00 00 00 00 00  00 00 00 00 00 00 00 00  |................|
000000001a30  00 00 00 00 00 00 00 00  00 00 00 00 00 00 00 00  |................|
000000001a40  00 00 00 00 00 00 00 00  00 00 00 00 00 00 00 00  |................|
000000001a50  00 00 00 00 00 00 00 00  00 00 00 00 00 00 00 00  |................|
000000001a60  00 00 00 00 00 00 00 00  00 00 00 00 00 00 00 00  |................|
000000001a70  00 00 00 00 00 00 00 00  00 00 00 00 00 00 00 00  |................|
000000001a80  00 00 00 00 00 00 00 00  00 00 00 00 00 00 00 00  |................|
000000001a90  00 00 00 00 00 00 00 00  00 00 00 00 00 00 00 00  |................|
000000001aa0  00 00 00 00 00 00 00 00  00 00 00 00 00 00 00 00  |................|
000000001ab0  00 00 00 00 00 00 00 00  00 00 00 00 00 00 00 00  |................|
000000001ac0  00 00 00 00 00 00 00 00  00 00 00 00 00 00 00 00  |................|
000000001ad0  00 00 00 00 00 00 00 00  00 00 00 00 00 00 00 00  |................|
000000001ae0  00 00 00 00 00 00 00 00  00 00 00 00 00 00 00 00  |................|
000000001af0  00 00 00 00 00 00 00 00  00 00 00 00 00 00 00 00  |................|
000000001b00  00 00 00 00 00 00 00 00  00 00 00 00 00 00 00 00  |................|
000000001b10  00 00 00 00 00 00 00 00  00 00 00 00 00 00 00 00  |................|
000000001b20  00 00 00 00 00 00 00 00  00 00 00 00 00 00 00 00  |................|
000000001b30  00 00 00 00 00 00 00 00  00 00 00 00 00 00 00 00  |................|
000000001b40  00 00 00 00 00 00 00 00  00 00 00 00 00 00 00 00  |................|
000000001b50  00 00 00 00 00 00 00 00  00 00 00 00 00 00 00 00  |................|
000000001b60  00 00 00 00 00 00 00 00  00 00 00 00 00 00 00 00  |................|
000000001b70  00 00 00 00 00 00 00 00  00 00 00 00 00 00 00 00  |................|
000000001b80  00 00 00 00 00 00 00 00  00 00 00 00 00 00 00 00  |................|
000000001b90  00 00 00 00 00 00 00 00  00 00 00 00 00 00 00 00  |................|
000000001ba0  00 00 00 00 00 00 00 00  00 00 00 00 00 00 00 00  |................|
000000001bb0  00 00 00 00 00 00 00 00  00 00 00 00 00 00 00 00  |................|
000000001bc0  00 00 00 00 00 00 00 00  00 00 00 00 00 00 00 00  |................|
000000001bd0  00 00 00 00 00 00 00 00  00 00 00 00 00 00 00 00  |................|
000000001be0  00 00 00 00 00 00 00 00  00 00 00 00 00 00 00 00  |................|
000000001bf0  00 00 00 00 00 00 00 00  00 00 00 00 00 00 00 00  |................|
000000001c00  00 00 00 00 00 00 00 00  00 00 00 00 00 00 00 00  |................|
000000001c10  00 00 00 00 00 00 00 00  00 00 00 00 00 00 00 00  |................|
000000001c20  00 00 00 00 00 00 00 00  00 00 00 00 00 00 00 00  |................|
000000001c30  00 00 00 00 00 00 00 00  00 00 00 00 00 00 00 00  |................|
000000001c40  00 00 00 00 00 00 00 00  00 00 00 00 00 00 00 00  |................|
000000001c50  00 00 00 00 00 00 00 00  00 00 00 00 00 00 00 00  |................|
000000001c60  00 00 00 00 00 00 00 00  00 00 00 00 00 00 00 00  |................|
000000001c70  00 00 00 00 00 00 00 00  00 00 00 00 00 00 00 00  |................|
000000001c80  00 00 00 00 00 00 00 00  00 00 00 00 00 00 00 00  |................|
000000001c90  00 00 00 00 00 00 00 00  00 00 00 00 00 00 00 00  |................|
000000001ca0  00 00 00 00 00 00 00 00  00 00 00 00 00 00 00 00  |................|
000000001cb0  00 00 00 00 00 00 00 00  00 00 00 00 00 00 00 00  |................|
000000001cc0  00 00 00 00 00 00 00 00  00 00 00 00 00 00 00 00  |................|
000000001cd0  00 00 00 00 00 00 00 00  00 00 00 00 00 00 00 00  |................|
000000001ce0  00 00 00 00 00 00 00 00  00 00 00 00 00 00 00 00  |................|
000000001cf0  00 00 00 00 00 00 00 00  00 00 00 00 00 00 00 00  |................|
000000001d00  00 00 00 00 00 00 00 00  00 00 00 00 00 00 00 00  |................|
000000001d10  00 00 00 00 00 00 00 00  00 00 00 00 00 00 00 00  |................|
000000001d20  00 00 00 00 00 00 00 00  00 00 00 00 00 00 00 00  |................|
000000001d30  00 00 00 00 00 00 00 00  00 00 00 00 00 00 00 00  |................|
000000001d40  00 00 00 00 00 00 00 00  00 00 00 00 00 00 00 00  |................|
000000001d50  00 00 00 00 00 00 00 00  00 00 00 00 00 00 00 00  |................|
000000001d60  00 00 00 00 00 00 00 00  00 00 00 00 00 00 00 00  |................|
000000001d70  00 00 00 00 00 00 00 00  00 00 00 00 00 00 00 00  |................|
000000001d80  00 00 00 00 00 00 00 00  00 00 00 00 00 00 00 00  |................|
000000001d90  00 00 00 00 00 00 00 00  00 00 00 00 00 00 00 00  |................|
000000001da0  00 00 00 00 00 00 00 00  00 00 00 00 00 00 00 00  |................|
000000001db0  00 00 00 00 00 00 00 00  00 00 00 00 00 00 00 00  |................|
000000001dc0  00 00 00 00 00 00 00 00  00 00 00 00 00 00 00 00  |................|
000000001dd0  00 00 00 00 00 00 00 00  00 00 00 00 00 00 00 00  |................|
000000001de0  00 00 00 00 00 00 00 00  00 00 00 00 00 00 00 00  |................|
000000001df0  00 00 00 00 00 00 00 00  00 00 00 00 00 00 00 00  |................|
000000001e00  00 00 00 00 00 00 00 00  00 00 00 00 00 00 00 00  |................|
000000001e10  00 00 00 00 00 00 00 00  00 00 00 00 00 00 00 00  |................|
000000001e20  00 00 00 00 00 00 00 00  00 00 00 00 00 00 00 00  |................|
000000001e30  00 00 00 00 00 00 00 00  00 00 00 00 00 00 00 00  |................|
000000001e40  00 00 00 00 00 00 00 00  00 00 00 00 00 00 00 00  |................|
000000001e50  00 00 00 00 00 00 00 00  00 00 00 00 00 00 00 00  |................|
000000001e60  00 00 00 00 00 00 00 00  00 00 00 00 00 00 00 00  |................|
000000001e70  00 00 00 00 00 00 00 00  00 00 00 00 00 00 00 00  |................|
000000001e80  00 00 00 00 00 00 00 00  00 00 00 00 00 00 00 00  |................|
000000001e90  00 00 00 00 00 00 00 00  00 00 00 00 00 00 00 00  |................|
000000001ea0  00 00 00 00 00 00 00 00  00 00 00 00 00 00 00 00  |................|
000000001eb0  00 00 00 00 00 00 00 00  00 00 00 00 00 00 00 00  |................|
000000001ec0  00 00 00 00 00 00 00 00  00 00 00 00 00 00 00 00  |................|
000000001ed0  00 00 00 00 00 00 00 00  00 00 00 00 00 00 00 00  |................|
000000001ee0  00 00 00 00 00 00 00 00  00 00 00 00 00 00 00 00  |................|
000000001ef0  00 00 00 00 00 00 00 00  00 00 00 00 00 00 00 00  |................|
000000001f00  00 00 00 00 00 00 00 00  00 00 00 00 00 00 00 00  |................|
000000001f10  00 00 00 00 00 00 00 00  00 00 00 00 00 00 00 00  |................|
000000001f20  00 00 00 00 00 00 00 00  00 00 00 00 00 00 00 00  |................|
000000001f30  00 00 00 00 00 00 00 00  00 00 00 00 00 00 00 00  |................|
000000001f40  00 00 00 00 00 00 00 00  00 00 00 00 00 00 00 00  |................|
000000001f50  00 00 00 00 00 00 00 00  00 00 00 00 00 00 00 00  |................|
000000001f60  00 00 00 00 00 00 00 00  00 00 00 00 00 00 00 00  |................|
000000001f70  00 00 00 00 00 00 00 00  00 00 00 00 00 00 00 00  |................|
000000001f80  00 00 00 00 00 00 00 00  00 00 00 00 00 00 00 00  |................|
000000001f90  00 00 00 00 00 00 00 00  00 00 00 00 00 00 00 00  |................|
000000001fa0  00 00 00 00 00 00 00 00  00 00 00 00 00 00 00 00  |................|
000000001fb0  00 00 00 00 00 00 00 00  00 00 00 00 00 00 00 00  |................|
000000001fc0  00 00 00 00 00 00 00 00  00 00 00 00 00 00 00 00  |................|
000000001fd0  00 00 00 00 00 00 00 00  00 00 00 00 00 00 00 00  |................|
000000001fe0  00 00 00 00 00 00 00 00  00 00 00 00 00 00 00 00  |................|
000000001ff0  00 00 00 00 00 00 00 00  00 00 00 00 00 00 00 00  |................|
000000002000  00 00 00 00 00 00 00 00  00 00 00 00 00 00 00 00  |................|
000000002010  00 00 00 00 00 00 00 00  00 00 00 00 00 00 00 00  |................|
000000002020  00 00 00 00 00 00 00 00  00 00 00 00 00 00 00 00  |................|
000000002030  00 00 00 00 00 00 00 00  00 00 00 00 00 00 00 00  |................|
000000002040  00 00 00 00 00 00 00 00  00 00 00 00 00 00 00 00  |................|
000000002050  00 00 00 00 00 00 00 00  00 00 00 00 00 00 00 00  |................|
000000002060  00 00 00 00 00 00 00 00  00 00 00 00 00 00 00 00  |................|
000000002070  00 00 00 00 00 00 00 00  00 00 00 00 00 00 00 00  |................|
000000002080  28 73 2a c1 1f f8 d2 11  ba 4b 00 a0 c9 3e c9 3b  |(s*......K...>.;|
000000002090  74 1a 2f 2d 7e 02 f3 4a  93 05 ee cd bb 51 80 ef  |t./-~..J.....Q..|
0000000020a0  40 00 00 00 00 00 00 00  ff 03 00 00 00 00 00 00  |@...............|
0000000020b0  00 00 00 00 00 00 00 00  45 00 46 00 49 00 20 00  |........E.F.I. .|
0000000020c0  53 00 79 00 73 00 74 00  65 00 6d 00 20 00 41 00  |S.y.s.t.e.m. .A.|
0000000020d0  72 00 65 00 61 00 00 00  00 00 00 00 00 00 00 00  |r.e.a...........|
0000000020e0  00 00 00 00 00 00 00 00  00 00 00 00 00 00 00 00  |................|
0000000020f0  00 00 00 00 00 00 00 00  00 00 00 00 00 00 00 00  |................|
000000002100  00 00 00 00 00 00 00 00  00 00 00 00 00 00 00 00  |................|
000000002110  00 00 00 00 00 00 00 00  00 00 00 00 00 00 00 00  |................|
000000002120  00 00 00 00 00 00 00 00  00 00 00 00 00 00 00 00  |................|
000000002130  00 00 00 00 00 00 00 00  00 00 00 00 00 00 00 00  |................|
000000002140  00 00 00 00 00 00 00 00  00 00 00 00 00 00 00 00  |................|
000000002150  00 00 00 00 00 00 00 00  00 00 00 00 00 00 00 00  |................|
000000002160  00 00 00 00 00 00 00 00  00 00 00 00 00 00 00 00  |................|
000000002170  00 00 00 00 00 00 00 00  00 00 00 00 00 00 00 00  |................|
000000002180  a0 c7 4c 82 a8 36 e3 11  89 0a 95 25 19 ad 3f 61  |..L..6.....%..?a|
000000002190  5a 96 70 74 b6 34 44 42  b4 66 9d d9 2d 17 32 66  |Z.pt.4DB.f..-.2f|
0000000021a0  00 04 00 00 00 00 00 00  c0 ff 4f 00 00 00 00 00  |..........O.....|
0000000021b0  00 00 00 00 00 00 00 00  4f 00 70 00 65 00 6e 00  |........O.p.e.n.|
0000000021c0  42 00 53 00 44 00 20 00  41 00 72 00 65 00 61 00  |B.S.D. .A.r.e.a.|
0000000021d0  00 00 65 00 61 00 00 00  00 00 00 00 00 00 00 00  |..e.a...........|
0000000021e0  00 00 00 00 00 00 00 00  00 00 00 00 00 00 00 00  |................|
0000000021f0  00 00 00 00 00 00 00 00  00 00 00 00 00 00 00 00  |................|
000000002200  00 00 00 00 00 00 00 00  00 00 00 00 00 00 00 00  |................|
000000002210  00 00 00 00 00 00 00 00  00 00 00 00 00 00 00 00  |................|
000000002220  00 00 00 00 00 00 00 00  00 00 00 00 00 00 00 00  |................|
000000002230  00 00 00 00 00 00 00 00  00 00 00 00 00 00 00 00  |................|
000000002240  00 00 00 00 00 00 00 00  00 00 00 00 00 00 00 00  |................|
000000002250  00 00 00 00 00 00 00 00  00 00 00 00 00 00 00 00  |................|
000000002260  00 00 00 00 00 00 00 00  00 00 00 00 00 00 00 00  |................|
000000002270  00 00 00 00 00 00 00 00  00 00 00 00 00 00 00 00  |................|
000000002280  00 00 00 00 00 00 00 00  00 00 00 00 00 00 00 00  |................|
000000002290  00 00 00 00 00 00 00 00  00 00 00 00 00 00 00 00  |................|
0000000022a0  00 00 00 00 00 00 00 00  00 00 00 00 00 00 00 00  |................|
0000000022b0  00 00 00 00 00 00 00 00  00 00 00 00 00 00 00 00  |................|
0000000022c0  00 00 00 00 00 00 00 00  00 00 00 00 00 00 00 00  |................|
0000000022d0  00 00 00 00 00 00 00 00  00 00 00 00 00 00 00 00  |................|
0000000022e0  00 00 00 00 00 00 00 00  00 00 00 00 00 00 00 00  |................|
0000000022f0  00 00 00 00 00 00 00 00  00 00 00 00 00 00 00 00  |................|
000000002300  00 00 00 00 00 00 00 00  00 00 00 00 00 00 00 00  |................|
000000002310  00 00 00 00 00 00 00 00  00 00 00 00 00 00 00 00  |................|
000000002320  00 00 00 00 00 00 00 00  00 00 00 00 00 00 00 00  |................|
000000002330  00 00 00 00 00 00 00 00  00 00 00 00 00 00 00 00  |................|
000000002340  00 00 00 00 00 00 00 00  00 00 00 00 00 00 00 00  |................|
000000002350  00 00 00 00 00 00 00 00  00 00 00 00 00 00 00 00  |................|
000000002360  00 00 00 00 00 00 00 00  00 00 00 00 00 00 00 00  |................|
000000002370  00 00 00 00 00 00 00 00  00 00 00 00 00 00 00 00  |................|
000000002380  00 00 00 00 00 00 00 00  00 00 00 00 00 00 00 00  |................|
000000002390  00 00 00 00 00 00 00 00  00 00 00 00 00 00 00 00  |................|
0000000023a0  00 00 00 00 00 00 00 00  00 00 00 00 00 00 00 00  |................|
0000000023b0  00 00 00 00 00 00 00 00  00 00 00 00 00 00 00 00  |................|
0000000023c0  00 00 00 00 00 00 00 00  00 00 00 00 00 00 00 00  |................|
0000000023d0  00 00 00 00 00 00 00 00  00 00 00 00 00 00 00 00  |................|
0000000023e0  00 00 00 00 00 00 00 00  00 00 00 00 00 00 00 00  |................|
0000000023f0  00 00 00 00 00 00 00 00  00 00 00 00 00 00 00 00  |................|
000000002400  00 00 00 00 00 00 00 00  00 00 00 00 00 00 00 00  |................|
000000002410  00 00 00 00 00 00 00 00  00 00 00 00 00 00 00 00  |................|
000000002420  00 00 00 00 00 00 00 00  00 00 00 00 00 00 00 00  |................|
000000002430  00 00 00 00 00 00 00 00  00 00 00 00 00 00 00 00  |................|
000000002440  00 00 00 00 00 00 00 00  00 00 00 00 00 00 00 00  |................|
000000002450  00 00 00 00 00 00 00 00  00 00 00 00 00 00 00 00  |................|
000000002460  00 00 00 00 00 00 00 00  00 00 00 00 00 00 00 00  |................|
000000002470  00 00 00 00 00 00 00 00  00 00 00 00 00 00 00 00  |................|
000000002480  00 00 00 00 00 00 00 00  00 00 00 00 00 00 00 00  |................|
000000002490  00 00 00 00 00 00 00 00  00 00 00 00 00 00 00 00  |................|
0000000024a0  00 00 00 00 00 00 00 00  00 00 00 00 00 00 00 00  |................|
0000000024b0  00 00 00 00 00 00 00 00  00 00 00 00 00 00 00 00  |................|
0000000024c0  00 00 00 00 00 00 00 00  00 00 00 00 00 00 00 00  |................|
0000000024d0  00 00 00 00 00 00 00 00  00 00 00 00 00 00 00 00  |................|
0000000024e0  00 00 00 00 00 00 00 00  00 00 00 00 00 00 00 00  |................|
0000000024f0  00 00 00 00 00 00 00 00  00 00 00 00 00 00 00 00  |................|
000000002500  00 00 00 00 00 00 00 00  00 00 00 00 00 00 00 00  |................|
000000002510  00 00 00 00 00 00 00 00  00 00 00 00 00 00 00 00  |................|
000000002520  00 00 00 00 00 00 00 00  00 00 00 00 00 00 00 00  |................|
000000002530  00 00 00 00 00 00 00 00  00 00 00 00 00 00 00 00  |................|
000000002540  00 00 00 00 00 00 00 00  00 00 00 00 00 00 00 00  |................|
000000002550  00 00 00 00 00 00 00 00  00 00 00 00 00 00 00 00  |................|
000000002560  00 00 00 00 00 00 00 00  00 00 00 00 00 00 00 00  |................|
000000002570  00 00 00 00 00 00 00 00  00 00 00 00 00 00 00 00  |................|
000000002580  00 00 00 00 00 00 00 00  00 00 00 00 00 00 00 00  |................|
000000002590  00 00 00 00 00 00 00 00  00 00 00 00 00 00 00 00  |................|
0000000025a0  00 00 00 00 00 00 00 00  00 00 00 00 00 00 00 00  |................|
0000000025b0  00 00 00 00 00 00 00 00  00 00 00 00 00 00 00 00  |................|
0000000025c0  00 00 00 00 00 00 00 00  00 00 00 00 00 00 00 00  |................|
0000000025d0  00 00 00 00 00 00 00 00  00 00 00 00 00 00 00 00  |................|
0000000025e0  00 00 00 00 00 00 00 00  00 00 00 00 00 00 00 00  |................|
0000000025f0  00 00 00 00 00 00 00 00  00 00 00 00 00 00 00 00  |................|
000000002600  00 00 00 00 00 00 00 00  00 00 00 00 00 00 00 00  |................|
000000002610  00 00 00 00 00 00 00 00  00 00 00 00 00 00 00 00  |................|
000000002620  00 00 00 00 00 00 00 00  00 00 00 00 00 00 00 00  |................|
000000002630  00 00 00 00 00 00 00 00  00 00 00 00 00 00 00 00  |................|
000000002640  00 00 00 00 00 00 00 00  00 00 00 00 00 00 00 00  |................|
000000002650  00 00 00 00 00 00 00 00  00 00 00 00 00 00 00 00  |................|
000000002660  00 00 00 00 00 00 00 00  00 00 00 00 00 00 00 00  |................|
000000002670  00 00 00 00 00 00 00 00  00 00 00 00 00 00 00 00  |................|
000000002680  00 00 00 00 00 00 00 00  00 00 00 00 00 00 00 00  |................|
000000002690  00 00 00 00 00 00 00 00  00 00 00 00 00 00 00 00  |................|
0000000026a0  00 00 00 00 00 00 00 00  00 00 00 00 00 00 00 00  |................|
0000000026b0  00 00 00 00 00 00 00 00  00 00 00 00 00 00 00 00  |................|
0000000026c0  00 00 00 00 00 00 00 00  00 00 00 00 00 00 00 00  |................|
0000000026d0  00 00 00 00 00 00 00 00  00 00 00 00 00 00 00 00  |................|
0000000026e0  00 00 00 00 00 00 00 00  00 00 00 00 00 00 00 00  |................|
0000000026f0  00 00 00 00 00 00 00 00  00 00 00 00 00 00 00 00  |................|
000000002700  00 00 00 00 00 00 00 00  00 00 00 00 00 00 00 00  |................|
000000002710  00 00 00 00 00 00 00 00  00 00 00 00 00 00 00 00  |................|
000000002720  00 00 00 00 00 00 00 00  00 00 00 00 00 00 00 00  |................|
000000002730  00 00 00 00 00 00 00 00  00 00 00 00 00 00 00 00  |................|
000000002740  00 00 00 00 00 00 00 00  00 00 00 00 00 00 00 00  |................|
000000002750  00 00 00 00 00 00 00 00  00 00 00 00 00 00 00 00  |................|
000000002760  00 00 00 00 00 00 00 00  00 00 00 00 00 00 00 00  |................|
000000002770  00 00 00 00 00 00 00 00  00 00 00 00 00 00 00 00  |................|
000000002780  00 00 00 00 00 00 00 00  00 00 00 00 00 00 00 00  |................|
000000002790  00 00 00 00 00 00 00 00  00 00 00 00 00 00 00 00  |................|
0000000027a0  00 00 00 00 00 00 00 00  00 00 00 00 00 00 00 00  |................|
0000000027b0  00 00 00 00 00 00 00 00  00 00 00 00 00 00 00 00  |................|
0000000027c0  00 00 00 00 00 00 00 00  00 00 00 00 00 00 00 00  |................|
0000000027d0  00 00 00 00 00 00 00 00  00 00 00 00 00 00 00 00  |................|
0000000027e0  00 00 00 00 00 00 00 00  00 00 00 00 00 00 00 00  |................|
0000000027f0  00 00 00 00 00 00 00 00  00 00 00 00 00 00 00 00  |................|
000000002800  00 00 00 00 00 00 00 00  00 00 00 00 00 00 00 00  |................|
000000002810  00 00 00 00 00 00 00 00  00 00 00 00 00 00 00 00  |................|
000000002820  00 00 00 00 00 00 00 00  00 00 00 00 00 00 00 00  |................|
000000002830  00 00 00 00 00 00 00 00  00 00 00 00 00 00 00 00  |................|
000000002840  00 00 00 00 00 00 00 00  00 00 00 00 00 00 00 00  |................|
000000002850  00 00 00 00 00 00 00 00  00 00 00 00 00 00 00 00  |................|
000000002860  00 00 00 00 00 00 00 00  00 00 00 00 00 00 00 00  |................|
000000002870  00 00 00 00 00 00 00 00  00 00 00 00 00 00 00 00  |................|
000000002880  00 00 00 00 00 00 00 00  00 00 00 00 00 00 00 00  |................|
000000002890  00 00 00 00 00 00 00 00  00 00 00 00 00 00 00 00  |................|
0000000028a0  00 00 00 00 00 00 00 00  00 00 00 00 00 00 00 00  |................|
0000000028b0  00 00 00 00 00 00 00 00  00 00 00 00 00 00 00 00  |................|
0000000028c0  00 00 00 00 00 00 00 00  00 00 00 00 00 00 00 00  |................|
0000000028d0  00 00 00 00 00 00 00 00  00 00 00 00 00 00 00 00  |................|
0000000028e0  00 00 00 00 00 00 00 00  00 00 00 00 00 00 00 00  |................|
0000000028f0  00 00 00 00 00 00 00 00  00 00 00 00 00 00 00 00  |................|
000000002900  00 00 00 00 00 00 00 00  00 00 00 00 00 00 00 00  |................|
000000002910  00 00 00 00 00 00 00 00  00 00 00 00 00 00 00 00  |................|
000000002920  00 00 00 00 00 00 00 00  00 00 00 00 00 00 00 00  |................|
000000002930  00 00 00 00 00 00 00 00  00 00 00 00 00 00 00 00  |................|
000000002940  00 00 00 00 00 00 00 00  00 00 00 00 00 00 00 00  |................|
000000002950  00 00 00 00 00 00 00 00  00 00 00 00 00 00 00 00  |................|
000000002960  00 00 00 00 00 00 00 00  00 00 00 00 00 00 00 00  |................|
000000002970  00 00 00 00 00 00 00 00  00 00 00 00 00 00 00 00  |................|
000000002980  00 00 00 00 00 00 00 00  00 00 00 00 00 00 00 00  |................|
000000002990  00 00 00 00 00 00 00 00  00 00 00 00 00 00 00 00  |................|
0000000029a0  00 00 00 00 00 00 00 00  00 00 00 00 00 00 00 00  |................|
0000000029b0  00 00 00 00 00 00 00 00  00 00 00 00 00 00 00 00  |................|
0000000029c0  00 00 00 00 00 00 00 00  00 00 00 00 00 00 00 00  |................|
0000000029d0  00 00 00 00 00 00 00 00  00 00 00 00 00 00 00 00  |................|
0000000029e0  00 00 00 00 00 00 00 00  00 00 00 00 00 00 00 00  |................|
0000000029f0  00 00 00 00 00 00 00 00  00 00 00 00 00 00 00 00  |................|
000000002a00  00 00 00 00 00 00 00 00  00 00 00 00 00 00 00 00  |................|
000000002a10  00 00 00 00 00 00 00 00  00 00 00 00 00 00 00 00  |................|
000000002a20  00 00 00 00 00 00 00 00  00 00 00 00 00 00 00 00  |................|
000000002a30  00 00 00 00 00 00 00 00  00 00 00 00 00 00 00 00  |................|
000000002a40  00 00 00 00 00 00 00 00  00 00 00 00 00 00 00 00  |................|
000000002a50  00 00 00 00 00 00 00 00  00 00 00 00 00 00 00 00  |................|
000000002a60  00 00 00 00 00 00 00 00  00 00 00 00 00 00 00 00  |................|
000000002a70  00 00 00 00 00 00 00 00  00 00 00 00 00 00 00 00  |................|
000000002a80  00 00 00 00 00 00 00 00  00 00 00 00 00 00 00 00  |................|
000000002a90  00 00 00 00 00 00 00 00  00 00 00 00 00 00 00 00  |................|
000000002aa0  00 00 00 00 00 00 00 00  00 00 00 00 00 00 00 00  |................|
000000002ab0  00 00 00 00 00 00 00 00  00 00 00 00 00 00 00 00  |................|
000000002ac0  00 00 00 00 00 00 00 00  00 00 00 00 00 00 00 00  |................|
000000002ad0  00 00 00 00 00 00 00 00  00 00 00 00 00 00 00 00  |................|
000000002ae0  00 00 00 00 00 00 00 00  00 00 00 00 00 00 00 00  |................|
000000002af0  00 00 00 00 00 00 00 00  00 00 00 00 00 00 00 00  |................|
000000002b00  00 00 00 00 00 00 00 00  00 00 00 00 00 00 00 00  |................|
000000002b10  00 00 00 00 00 00 00 00  00 00 00 00 00 00 00 00  |................|
000000002b20  00 00 00 00 00 00 00 00  00 00 00 00 00 00 00 00  |................|
000000002b30  00 00 00 00 00 00 00 00  00 00 00 00 00 00 00 00  |................|
000000002b40  00 00 00 00 00 00 00 00  00 00 00 00 00 00 00 00  |................|
000000002b50  00 00 00 00 00 00 00 00  00 00 00 00 00 00 00 00  |................|
000000002b60  00 00 00 00 00 00 00 00  00 00 00 00 00 00 00 00  |................|
000000002b70  00 00 00 00 00 00 00 00  00 00 00 00 00 00 00 00  |................|
000000002b80  00 00 00 00 00 00 00 00  00 00 00 00 00 00 00 00  |................|
000000002b90  00 00 00 00 00 00 00 00  00 00 00 00 00 00 00 00  |................|
000000002ba0  00 00 00 00 00 00 00 00  00 00 00 00 00 00 00 00  |................|
000000002bb0  00 00 00 00 00 00 00 00  00 00 00 00 00 00 00 00  |................|
000000002bc0  00 00 00 00 00 00 00 00  00 00 00 00 00 00 00 00  |................|
000000002bd0  00 00 00 00 00 00 00 00  00 00 00 00 00 00 00 00  |................|
000000002be0  00 00 00 00 00 00 00 00  00 00 00 00 00 00 00 00  |................|
000000002bf0  00 00 00 00 00 00 00 00  00 00 00 00 00 00 00 00  |................|
000000002c00  00 00 00 00 00 00 00 00  00 00 00 00 00 00 00 00  |................|
000000002c10  00 00 00 00 00 00 00 00  00 00 00 00 00 00 00 00  |................|
000000002c20  00 00 00 00 00 00 00 00  00 00 00 00 00 00 00 00  |................|
000000002c30  00 00 00 00 00 00 00 00  00 00 00 00 00 00 00 00  |................|
000000002c40  00 00 00 00 00 00 00 00  00 00 00 00 00 00 00 00  |................|
000000002c50  00 00 00 00 00 00 00 00  00 00 00 00 00 00 00 00  |................|
000000002c60  00 00 00 00 00 00 00 00  00 00 00 00 00 00 00 00  |................|
000000002c70  00 00 00 00 00 00 00 00  00 00 00 00 00 00 00 00  |................|
000000002c80  00 00 00 00 00 00 00 00  00 00 00 00 00 00 00 00  |................|
000000002c90  00 00 00 00 00 00 00 00  00 00 00 00 00 00 00 00  |................|
000000002ca0  00 00 00 00 00 00 00 00  00 00 00 00 00 00 00 00  |................|
000000002cb0  00 00 00 00 00 00 00 00  00 00 00 00 00 00 00 00  |................|
000000002cc0  00 00 00 00 00 00 00 00  00 00 00 00 00 00 00 00  |................|
000000002cd0  00 00 00 00 00 00 00 00  00 00 00 00 00 00 00 00  |................|
000000002ce0  00 00 00 00 00 00 00 00  00 00 00 00 00 00 00 00  |................|
000000002cf0  00 00 00 00 00 00 00 00  00 00 00 00 00 00 00 00  |................|
000000002d00  00 00 00 00 00 00 00 00  00 00 00 00 00 00 00 00  |................|
000000002d10  00 00 00 00 00 00 00 00  00 00 00 00 00 00 00 00  |................|
000000002d20  00 00 00 00 00 00 00 00  00 00 00 00 00 00 00 00  |................|
000000002d30  00 00 00 00 00 00 00 00  00 00 00 00 00 00 00 00  |................|
000000002d40  00 00 00 00 00 00 00 00  00 00 00 00 00 00 00 00  |................|
000000002d50  00 00 00 00 00 00 00 00  00 00 00 00 00 00 00 00  |................|
000000002d60  00 00 00 00 00 00 00 00  00 00 00 00 00 00 00 00  |................|
000000002d70  00 00 00 00 00 00 00 00  00 00 00 00 00 00 00 00  |................|
000000002d80  00 00 00 00 00 00 00 00  00 00 00 00 00 00 00 00  |................|
000000002d90  00 00 00 00 00 00 00 00  00 00 00 00 00 00 00 00  |................|
000000002da0  00 00 00 00 00 00 00 00  00 00 00 00 00 00 00 00  |................|
000000002db0  00 00 00 00 00 00 00 00  00 00 00 00 00 00 00 00  |................|
000000002dc0  00 00 00 00 00 00 00 00  00 00 00 00 00 00 00 00  |................|
000000002dd0  00 00 00 00 00 00 00 00  00 00 00 00 00 00 00 00  |................|
000000002de0  00 00 00 00 00 00 00 00  00 00 00 00 00 00 00 00  |................|
000000002df0  00 00 00 00 00 00 00 00  00 00 00 00 00 00 00 00  |................|
000000002e00  00 00 00 00 00 00 00 00  00 00 00 00 00 00 00 00  |................|
000000002e10  00 00 00 00 00 00 00 00  00 00 00 00 00 00 00 00  |................|
000000002e20  00 00 00 00 00 00 00 00  00 00 00 00 00 00 00 00  |................|
000000002e30  00 00 00 00 00 00 00 00  00 00 00 00 00 00 00 00  |................|
000000002e40  00 00 00 00 00 00 00 00  00 00 00 00 00 00 00 00  |................|
000000002e50  00 00 00 00 00 00 00 00  00 00 00 00 00 00 00 00  |................|
000000002e60  00 00 00 00 00 00 00 00  00 00 00 00 00 00 00 00  |................|
000000002e70  00 00 00 00 00 00 00 00  00 00 00 00 00 00 00 00  |................|
000000002e80  00 00 00 00 00 00 00 00  00 00 00 00 00 00 00 00  |................|
000000002e90  00 00 00 00 00 00 00 00  00 00 00 00 00 00 00 00  |................|
000000002ea0  00 00 00 00 00 00 00 00  00 00 00 00 00 00 00 00  |................|
000000002eb0  00 00 00 00 00 00 00 00  00 00 00 00 00 00 00 00  |................|
000000002ec0  00 00 00 00 00 00 00 00  00 00 00 00 00 00 00 00  |................|
000000002ed0  00 00 00 00 00 00 00 00  00 00 00 00 00 00 00 00  |................|
000000002ee0  00 00 00 00 00 00 00 00  00 00 00 00 00 00 00 00  |................|
000000002ef0  00 00 00 00 00 00 00 00  00 00 00 00 00 00 00 00  |................|
000000002f00  00 00 00 00 00 00 00 00  00 00 00 00 00 00 00 00  |................|
000000002f10  00 00 00 00 00 00 00 00  00 00 00 00 00 00 00 00  |................|
000000002f20  00 00 00 00 00 00 00 00  00 00 00 00 00 00 00 00  |................|
000000002f30  00 00 00 00 00 00 00 00  00 00 00 00 00 00 00 00  |................|
000000002f40  00 00 00 00 00 00 00 00  00 00 00 00 00 00 00 00  |................|
000000002f50  00 00 00 00 00 00 00 00  00 00 00 00 00 00 00 00  |................|
000000002f60  00 00 00 00 00 00 00 00  00 00 00 00 00 00 00 00  |................|
000000002f70  00 00 00 00 00 00 00 00  00 00 00 00 00 00 00 00  |................|
000000002f80  00 00 00 00 00 00 00 00  00 00 00 00 00 00 00 00  |................|
000000002f90  00 00 00 00 00 00 00 00  00 00 00 00 00 00 00 00  |................|
000000002fa0  00 00 00 00 00 00 00 00  00 00 00 00 00 00 00 00  |................|
000000002fb0  00 00 00 00 00 00 00 00  00 00 00 00 00 00 00 00  |................|
000000002fc0  00 00 00 00 00 00 00 00  00 00 00 00 00 00 00 00  |................|
000000002fd0  00 00 00 00 00 00 00 00  00 00 00 00 00 00 00 00  |................|
000000002fe0  00 00 00 00 00 00 00 00  00 00 00 00 00 00 00 00  |................|
000000002ff0  00 00 00 00 00 00 00 00  00 00 00 00 00 00 00 00  |................|
000000003000  00 00 00 00 00 00 00 00  00 00 00 00 00 00 00 00  |................|
000000003010  00 00 00 00 00 00 00 00  00 00 00 00 00 00 00 00  |................|
000000003020  00 00 00 00 00 00 00 00  00 00 00 00 00 00 00 00  |................|
000000003030  00 00 00 00 00 00 00 00  00 00 00 00 00 00 00 00  |................|
000000003040  00 00 00 00 00 00 00 00  00 00 00 00 00 00 00 00  |................|
000000003050  00 00 00 00 00 00 00 00  00 00 00 00 00 00 00 00  |................|
000000003060  00 00 00 00 00 00 00 00  00 00 00 00 00 00 00 00  |................|
000000003070  00 00 00 00 00 00 00 00  00 00 00 00 00 00 00 00  |................|
000000003080  00 00 00 00 00 00 00 00  00 00 00 00 00 00 00 00  |................|
000000003090  00 00 00 00 00 00 00 00  00 00 00 00 00 00 00 00  |................|
0000000030a0  00 00 00 00 00 00 00 00  00 00 00 00 00 00 00 00  |................|
0000000030b0  00 00 00 00 00 00 00 00  00 00 00 00 00 00 00 00  |................|
0000000030c0  00 00 00 00 00 00 00 00  00 00 00 00 00 00 00 00  |................|
0000000030d0  00 00 00 00 00 00 00 00  00 00 00 00 00 00 00 00  |................|
0000000030e0  00 00 00 00 00 00 00 00  00 00 00 00 00 00 00 00  |................|
0000000030f0  00 00 00 00 00 00 00 00  00 00 00 00 00 00 00 00  |................|
000000003100  00 00 00 00 00 00 00 00  00 00 00 00 00 00 00 00  |................|
000000003110  00 00 00 00 00 00 00 00  00 00 00 00 00 00 00 00  |................|
000000003120  00 00 00 00 00 00 00 00  00 00 00 00 00 00 00 00  |................|
000000003130  00 00 00 00 00 00 00 00  00 00 00 00 00 00 00 00  |................|
000000003140  00 00 00 00 00 00 00 00  00 00 00 00 00 00 00 00  |................|
000000003150  00 00 00 00 00 00 00 00  00 00 00 00 00 00 00 00  |................|
000000003160  00 00 00 00 00 00 00 00  00 00 00 00 00 00 00 00  |................|
000000003170  00 00 00 00 00 00 00 00  00 00 00 00 00 00 00 00  |................|
000000003180  00 00 00 00 00 00 00 00  00 00 00 00 00 00 00 00  |................|
000000003190  00 00 00 00 00 00 00 00  00 00 00 00 00 00 00 00  |................|
0000000031a0  00 00 00 00 00 00 00 00  00 00 00 00 00 00 00 00  |................|
0000000031b0  00 00 00 00 00 00 00 00  00 00 00 00 00 00 00 00  |................|
0000000031c0  00 00 00 00 00 00 00 00  00 00 00 00 00 00 00 00  |................|
0000000031d0  00 00 00 00 00 00 00 00  00 00 00 00 00 00 00 00  |................|
0000000031e0  00 00 00 00 00 00 00 00  00 00 00 00 00 00 00 00  |................|
0000000031f0  00 00 00 00 00 00 00 00  00 00 00 00 00 00 00 00  |................|
000000003200  00 00 00 00 00 00 00 00  00 00 00 00 00 00 00 00  |................|
000000003210  00 00 00 00 00 00 00 00  00 00 00 00 00 00 00 00  |................|
000000003220  00 00 00 00 00 00 00 00  00 00 00 00 00 00 00 00  |................|
000000003230  00 00 00 00 00 00 00 00  00 00 00 00 00 00 00 00  |................|
000000003240  00 00 00 00 00 00 00 00  00 00 00 00 00 00 00 00  |................|
000000003250  00 00 00 00 00 00 00 00  00 00 00 00 00 00 00 00  |................|
000000003260  00 00 00 00 00 00 00 00  00 00 00 00 00 00 00 00  |................|
000000003270  00 00 00 00 00 00 00 00  00 00 00 00 00 00 00 00  |................|
000000003280  00 00 00 00 00 00 00 00  00 00 00 00 00 00 00 00  |................|
000000003290  00 00 00 00 00 00 00 00  00 00 00 00 00 00 00 00  |................|
0000000032a0  00 00 00 00 00 00 00 00  00 00 00 00 00 00 00 00  |................|
0000000032b0  00 00 00 00 00 00 00 00  00 00 00 00 00 00 00 00  |................|
0000000032c0  00 00 00 00 00 00 00 00  00 00 00 00 00 00 00 00  |................|
0000000032d0  00 00 00 00 00 00 00 00  00 00 00 00 00 00 00 00  |................|
0000000032e0  00 00 00 00 00 00 00 00  00 00 00 00 00 00 00 00  |................|
0000000032f0  00 00 00 00 00 00 00 00  00 00 00 00 00 00 00 00  |................|
000000003300  00 00 00 00 00 00 00 00  00 00 00 00 00 00 00 00  |................|
000000003310  00 00 00 00 00 00 00 00  00 00 00 00 00 00 00 00  |................|
000000003320  00 00 00 00 00 00 00 00  00 00 00 00 00 00 00 00  |................|
000000003330  00 00 00 00 00 00 00 00  00 00 00 00 00 00 00 00  |................|
000000003340  00 00 00 00 00 00 00 00  00 00 00 00 00 00 00 00  |................|
000000003350  00 00 00 00 00 00 00 00  00 00 00 00 00 00 00 00  |................|
000000003360  00 00 00 00 00 00 00 00  00 00 00 00 00 00 00 00  |................|
000000003370  00 00 00 00 00 00 00 00  00 00 00 00 00 00 00 00  |................|
000000003380  00 00 00 00 00 00 00 00  00 00 00 00 00 00 00 00  |................|
000000003390  00 00 00 00 00 00 00 00  00 00 00 00 00 00 00 00  |................|
0000000033a0  00 00 00 00 00 00 00 00  00 00 00 00 00 00 00 00  |................|
0000000033b0  00 00 00 00 00 00 00 00  00 00 00 00 00 00 00 00  |................|
0000000033c0  00 00 00 00 00 00 00 00  00 00 00 00 00 00 00 00  |................|
0000000033d0  00 00 00 00 00 00 00 00  00 00 00 00 00 00 00 00  |................|
0000000033e0  00 00 00 00 00 00 00 00  00 00 00 00 00 00 00 00  |................|
0000000033f0  00 00 00 00 00 00 00 00  00 00 00 00 00 00 00 00  |................|
000000003400  00 00 00 00 00 00 00 00  00 00 00 00 00 00 00 00  |................|
000000003410  00 00 00 00 00 00 00 00  00 00 00 00 00 00 00 00  |................|
000000003420  00 00 00 00 00 00 00 00  00 00 00 00 00 00 00 00  |................|
000000003430  00 00 00 00 00 00 00 00  00 00 00 00 00 00 00 00  |................|
000000003440  00 00 00 00 00 00 00 00  00 00 00 00 00 00 00 00  |................|
000000003450  00 00 00 00 00 00 00 00  00 00 00 00 00 00 00 00  |................|
000000003460  00 00 00 00 00 00 00 00  00 00 00 00 00 00 00 00  |................|
000000003470  00 00 00 00 00 00 00 00  00 00 00 00 00 00 00 00  |................|
000000003480  00 00 00 00 00 00 00 00  00 00 00 00 00 00 00 00  |................|
000000003490  00 00 00 00 00 00 00 00  00 00 00 00 00 00 00 00  |................|
0000000034a0  00 00 00 00 00 00 00 00  00 00 00 00 00 00 00 00  |................|
0000000034b0  00 00 00 00 00 00 00 00  00 00 00 00 00 00 00 00  |................|
0000000034c0  00 00 00 00 00 00 00 00  00 00 00 00 00 00 00 00  |................|
0000000034d0  00 00 00 00 00 00 00 00  00 00 00 00 00 00 00 00  |................|
0000000034e0  00 00 00 00 00 00 00 00  00 00 00 00 00 00 00 00  |................|
0000000034f0  00 00 00 00 00 00 00 00  00 00 00 00 00 00 00 00  |................|
000000003500  00 00 00 00 00 00 00 00  00 00 00 00 00 00 00 00  |................|
000000003510  00 00 00 00 00 00 00 00  00 00 00 00 00 00 00 00  |................|
000000003520  00 00 00 00 00 00 00 00  00 00 00 00 00 00 00 00  |................|
000000003530  00 00 00 00 00 00 00 00  00 00 00 00 00 00 00 00  |................|
000000003540  00 00 00 00 00 00 00 00  00 00 00 00 00 00 00 00  |................|
000000003550  00 00 00 00 00 00 00 00  00 00 00 00 00 00 00 00  |................|
000000003560  00 00 00 00 00 00 00 00  00 00 00 00 00 00 00 00  |................|
000000003570  00 00 00 00 00 00 00 00  00 00 00 00 00 00 00 00  |................|
000000003580  00 00 00 00 00 00 00 00  00 00 00 00 00 00 00 00  |................|
000000003590  00 00 00 00 00 00 00 00  00 00 00 00 00 00 00 00  |................|
0000000035a0  00 00 00 00 00 00 00 00  00 00 00 00 00 00 00 00  |................|
0000000035b0  00 00 00 00 00 00 00 00  00 00 00 00 00 00 00 00  |................|
0000000035c0  00 00 00 00 00 00 00 00  00 00 00 00 00 00 00 00  |................|
0000000035d0  00 00 00 00 00 00 00 00  00 00 00 00 00 00 00 00  |................|
0000000035e0  00 00 00 00 00 00 00 00  00 00 00 00 00 00 00 00  |................|
0000000035f0  00 00 00 00 00 00 00 00  00 00 00 00 00 00 00 00  |................|
000000003600  00 00 00 00 00 00 00 00  00 00 00 00 00 00 00 00  |................|
000000003610  00 00 00 00 00 00 00 00  00 00 00 00 00 00 00 00  |................|
000000003620  00 00 00 00 00 00 00 00  00 00 00 00 00 00 00 00  |................|
000000003630  00 00 00 00 00 00 00 00  00 00 00 00 00 00 00 00  |................|
000000003640  00 00 00 00 00 00 00 00  00 00 00 00 00 00 00 00  |................|
000000003650  00 00 00 00 00 00 00 00  00 00 00 00 00 00 00 00  |................|
000000003660  00 00 00 00 00 00 00 00  00 00 00 00 00 00 00 00  |................|
000000003670  00 00 00 00 00 00 00 00  00 00 00 00 00 00 00 00  |................|
000000003680  00 00 00 00 00 00 00 00  00 00 00 00 00 00 00 00  |................|
000000003690  00 00 00 00 00 00 00 00  00 00 00 00 00 00 00 00  |................|
0000000036a0  00 00 00 00 00 00 00 00  00 00 00 00 00 00 00 00  |................|
0000000036b0  00 00 00 00 00 00 00 00  00 00 00 00 00 00 00 00  |................|
0000000036c0  00 00 00 00 00 00 00 00  00 00 00 00 00 00 00 00  |................|
0000000036d0  00 00 00 00 00 00 00 00  00 00 00 00 00 00 00 00  |................|
0000000036e0  00 00 00 00 00 00 00 00  00 00 00 00 00 00 00 00  |................|
0000000036f0  00 00 00 00 00 00 00 00  00 00 00 00 00 00 00 00  |................|
000000003700  00 00 00 00 00 00 00 00  00 00 00 00 00 00 00 00  |................|
000000003710  00 00 00 00 00 00 00 00  00 00 00 00 00 00 00 00  |................|
000000003720  00 00 00 00 00 00 00 00  00 00 00 00 00 00 00 00  |................|
000000003730  00 00 00 00 00 00 00 00  00 00 00 00 00 00 00 00  |................|
000000003740  00 00 00 00 00 00 00 00  00 00 00 00 00 00 00 00  |................|
000000003750  00 00 00 00 00 00 00 00  00 00 00 00 00 00 00 00  |................|
000000003760  00 00 00 00 00 00 00 00  00 00 00 00 00 00 00 00  |................|
000000003770  00 00 00 00 00 00 00 00  00 00 00 00 00 00 00 00  |................|
000000003780  00 00 00 00 00 00 00 00  00 00 00 00 00 00 00 00  |................|
000000003790  00 00 00 00 00 00 00 00  00 00 00 00 00 00 00 00  |................|
0000000037a0  00 00 00 00 00 00 00 00  00 00 00 00 00 00 00 00  |................|
0000000037b0  00 00 00 00 00 00 00 00  00 00 00 00 00 00 00 00  |................|
0000000037c0  00 00 00 00 00 00 00 00  00 00 00 00 00 00 00 00  |................|
0000000037d0  00 00 00 00 00 00 00 00  00 00 00 00 00 00 00 00  |................|
0000000037e0  00 00 00 00 00 00 00 00  00 00 00 00 00 00 00 00  |................|
0000000037f0  00 00 00 00 00 00 00 00  00 00 00 00 00 00 00 00  |................|
000000003800  00 00 00 00 00 00 00 00  00 00 00 00 00 00 00 00  |................|
000000003810  00 00 00 00 00 00 00 00  00 00 00 00 00 00 00 00  |................|
000000003820  00 00 00 00 00 00 00 00  00 00 00 00 00 00 00 00  |................|
000000003830  00 00 00 00 00 00 00 00  00 00 00 00 00 00 00 00  |................|
000000003840  00 00 00 00 00 00 00 00  00 00 00 00 00 00 00 00  |................|
000000003850  00 00 00 00 00 00 00 00  00 00 00 00 00 00 00 00  |................|
000000003860  00 00 00 00 00 00 00 00  00 00 00 00 00 00 00 00  |................|
000000003870  00 00 00 00 00 00 00 00  00 00 00 00 00 00 00 00  |................|
000000003880  00 00 00 00 00 00 00 00  00 00 00 00 00 00 00 00  |................|
000000003890  00 00 00 00 00 00 00 00  00 00 00 00 00 00 00 00  |................|
0000000038a0  00 00 00 00 00 00 00 00  00 00 00 00 00 00 00 00  |................|
0000000038b0  00 00 00 00 00 00 00 00  00 00 00 00 00 00 00 00  |................|
0000000038c0  00 00 00 00 00 00 00 00  00 00 00 00 00 00 00 00  |................|
0000000038d0  00 00 00 00 00 00 00 00  00 00 00 00 00 00 00 00  |................|
0000000038e0  00 00 00 00 00 00 00 00  00 00 00 00 00 00 00 00  |................|
0000000038f0  00 00 00 00 00 00 00 00  00 00 00 00 00 00 00 00  |................|
000000003900  00 00 00 00 00 00 00 00  00 00 00 00 00 00 00 00  |................|
000000003910  00 00 00 00 00 00 00 00  00 00 00 00 00 00 00 00  |................|
000000003920  00 00 00 00 00 00 00 00  00 00 00 00 00 00 00 00  |................|
000000003930  00 00 00 00 00 00 00 00  00 00 00 00 00 00 00 00  |................|
000000003940  00 00 00 00 00 00 00 00  00 00 00 00 00 00 00 00  |................|
000000003950  00 00 00 00 00 00 00 00  00 00 00 00 00 00 00 00  |................|
000000003960  00 00 00 00 00 00 00 00  00 00 00 00 00 00 00 00  |................|
000000003970  00 00 00 00 00 00 00 00  00 00 00 00 00 00 00 00  |................|
000000003980  00 00 00 00 00 00 00 00  00 00 00 00 00 00 00 00  |................|
000000003990  00 00 00 00 00 00 00 00  00 00 00 00 00 00 00 00  |................|
0000000039a0  00 00 00 00 00 00 00 00  00 00 00 00 00 00 00 00  |................|
0000000039b0  00 00 00 00 00 00 00 00  00 00 00 00 00 00 00 00  |................|
0000000039c0  00 00 00 00 00 00 00 00  00 00 00 00 00 00 00 00  |................|
0000000039d0  00 00 00 00 00 00 00 00  00 00 00 00 00 00 00 00  |................|
0000000039e0  00 00 00 00 00 00 00 00  00 00 00 00 00 00 00 00  |................|
0000000039f0  00 00 00 00 00 00 00 00  00 00 00 00 00 00 00 00  |................|
000000003a00  00 00 00 00 00 00 00 00  00 00 00 00 00 00 00 00  |................|
000000003a10  00 00 00 00 00 00 00 00  00 00 00 00 00 00 00 00  |................|
000000003a20  00 00 00 00 00 00 00 00  00 00 00 00 00 00 00 00  |................|
000000003a30  00 00 00 00 00 00 00 00  00 00 00 00 00 00 00 00  |................|
000000003a40  00 00 00 00 00 00 00 00  00 00 00 00 00 00 00 00  |................|
000000003a50  00 00 00 00 00 00 00 00  00 00 00 00 00 00 00 00  |................|
000000003a60  00 00 00 00 00 00 00 00  00 00 00 00 00 00 00 00  |................|
000000003a70  00 00 00 00 00 00 00 00  00 00 00 00 00 00 00 00  |................|
000000003a80  00 00 00 00 00 00 00 00  00 00 00 00 00 00 00 00  |................|
000000003a90  00 00 00 00 00 00 00 00  00 00 00 00 00 00 00 00  |................|
000000003aa0  00 00 00 00 00 00 00 00  00 00 00 00 00 00 00 00  |................|
000000003ab0  00 00 00 00 00 00 00 00  00 00 00 00 00 00 00 00  |................|
000000003ac0  00 00 00 00 00 00 00 00  00 00 00 00 00 00 00 00  |................|
000000003ad0  00 00 00 00 00 00 00 00  00 00 00 00 00 00 00 00  |................|
000000003ae0  00 00 00 00 00 00 00 00  00 00 00 00 00 00 00 00  |................|
000000003af0  00 00 00 00 00 00 00 00  00 00 00 00 00 00 00 00  |................|
000000003b00  00 00 00 00 00 00 00 00  00 00 00 00 00 00 00 00  |................|
000000003b10  00 00 00 00 00 00 00 00  00 00 00 00 00 00 00 00  |................|
000000003b20  00 00 00 00 00 00 00 00  00 00 00 00 00 00 00 00  |................|
000000003b30  00 00 00 00 00 00 00 00  00 00 00 00 00 00 00 00  |................|
000000003b40  00 00 00 00 00 00 00 00  00 00 00 00 00 00 00 00  |................|
000000003b50  00 00 00 00 00 00 00 00  00 00 00 00 00 00 00 00  |................|
000000003b60  00 00 00 00 00 00 00 00  00 00 00 00 00 00 00 00  |................|
000000003b70  00 00 00 00 00 00 00 00  00 00 00 00 00 00 00 00  |................|
000000003b80  00 00 00 00 00 00 00 00  00 00 00 00 00 00 00 00  |................|
000000003b90  00 00 00 00 00 00 00 00  00 00 00 00 00 00 00 00  |................|
000000003ba0  00 00 00 00 00 00 00 00  00 00 00 00 00 00 00 00  |................|
000000003bb0  00 00 00 00 00 00 00 00  00 00 00 00 00 00 00 00  |................|
000000003bc0  00 00 00 00 00 00 00 00  00 00 00 00 00 00 00 00  |................|
000000003bd0  00 00 00 00 00 00 00 00  00 00 00 00 00 00 00 00  |................|
000000003be0  00 00 00 00 00 00 00 00  00 00 00 00 00 00 00 00  |................|
000000003bf0  00 00 00 00 00 00 00 00  00 00 00 00 00 00 00 00  |................|
000000003c00  00 00 00 00 00 00 00 00  00 00 00 00 00 00 00 00  |................|
000000003c10  00 00 00 00 00 00 00 00  00 00 00 00 00 00 00 00  |................|
000000003c20  00 00 00 00 00 00 00 00  00 00 00 00 00 00 00 00  |................|
000000003c30  00 00 00 00 00 00 00 00  00 00 00 00 00 00 00 00  |................|
000000003c40  00 00 00 00 00 00 00 00  00 00 00 00 00 00 00 00  |................|
000000003c50  00 00 00 00 00 00 00 00  00 00 00 00 00 00 00 00  |................|
000000003c60  00 00 00 00 00 00 00 00  00 00 00 00 00 00 00 00  |................|
000000003c70  00 00 00 00 00 00 00 00  00 00 00 00 00 00 00 00  |................|
000000003c80  00 00 00 00 00 00 00 00  00 00 00 00 00 00 00 00  |................|
000000003c90  00 00 00 00 00 00 00 00  00 00 00 00 00 00 00 00  |................|
000000003ca0  00 00 00 00 00 00 00 00  00 00 00 00 00 00 00 00  |................|
000000003cb0  00 00 00 00 00 00 00 00  00 00 00 00 00 00 00 00  |................|
000000003cc0  00 00 00 00 00 00 00 00  00 00 00 00 00 00 00 00  |................|
000000003cd0  00 00 00 00 00 00 00 00  00 00 00 00 00 00 00 00  |................|
000000003ce0  00 00 00 00 00 00 00 00  00 00 00 00 00 00 00 00  |................|
000000003cf0  00 00 00 00 00 00 00 00  00 00 00 00 00 00 00 00  |................|
000000003d00  00 00 00 00 00 00 00 00  00 00 00 00 00 00 00 00  |................|
000000003d10  00 00 00 00 00 00 00 00  00 00 00 00 00 00 00 00  |................|
000000003d20  00 00 00 00 00 00 00 00  00 00 00 00 00 00 00 00  |................|
000000003d30  00 00 00 00 00 00 00 00  00 00 00 00 00 00 00 00  |................|
000000003d40  00 00 00 00 00 00 00 00  00 00 00 00 00 00 00 00  |................|
000000003d50  00 00 00 00 00 00 00 00  00 00 00 00 00 00 00 00  |................|
000000003d60  00 00 00 00 00 00 00 00  00 00 00 00 00 00 00 00  |................|
000000003d70  00 00 00 00 00 00 00 00  00 00 00 00 00 00 00 00  |................|
000000003d80  00 00 00 00 00 00 00 00  00 00 00 00 00 00 00 00  |................|
000000003d90  00 00 00 00 00 00 00 00  00 00 00 00 00 00 00 00  |................|
000000003da0  00 00 00 00 00 00 00 00  00 00 00 00 00 00 00 00  |................|
000000003db0  00 00 00 00 00 00 00 00  00 00 00 00 00 00 00 00  |................|
000000003dc0  00 00 00 00 00 00 00 00  00 00 00 00 00 00 00 00  |................|
000000003dd0  00 00 00 00 00 00 00 00  00 00 00 00 00 00 00 00  |................|
000000003de0  00 00 00 00 00 00 00 00  00 00 00 00 00 00 00 00  |................|
000000003df0  00 00 00 00 00 00 00 00  00 00 00 00 00 00 00 00  |................|
000000003e00  00 00 00 00 00 00 00 00  00 00 00 00 00 00 00 00  |................|
000000003e10  00 00 00 00 00 00 00 00  00 00 00 00 00 00 00 00  |................|
000000003e20  00 00 00 00 00 00 00 00  00 00 00 00 00 00 00 00  |................|
000000003e30  00 00 00 00 00 00 00 00  00 00 00 00 00 00 00 00  |................|
000000003e40  00 00 00 00 00 00 00 00  00 00 00 00 00 00 00 00  |................|
000000003e50  00 00 00 00 00 00 00 00  00 00 00 00 00 00 00 00  |................|
000000003e60  00 00 00 00 00 00 00 00  00 00 00 00 00 00 00 00  |................|
000000003e70  00 00 00 00 00 00 00 00  00 00 00 00 00 00 00 00  |................|
000000003e80  00 00 00 00 00 00 00 00  00 00 00 00 00 00 00 00  |................|
000000003e90  00 00 00 00 00 00 00 00  00 00 00 00 00 00 00 00  |................|
000000003ea0  00 00 00 00 00 00 00 00  00 00 00 00 00 00 00 00  |................|
000000003eb0  00 00 00 00 00 00 00 00  00 00 00 00 00 00 00 00  |................|
000000003ec0  00 00 00 00 00 00 00 00  00 00 00 00 00 00 00 00  |................|
000000003ed0  00 00 00 00 00 00 00 00  00 00 00 00 00 00 00 00  |................|
000000003ee0  00 00 00 00 00 00 00 00  00 00 00 00 00 00 00 00  |................|
000000003ef0  00 00 00 00 00 00 00 00  00 00 00 00 00 00 00 00  |................|
000000003f00  00 00 00 00 00 00 00 00  00 00 00 00 00 00 00 00  |................|
000000003f10  00 00 00 00 00 00 00 00  00 00 00 00 00 00 00 00  |................|
000000003f20  00 00 00 00 00 00 00 00  00 00 00 00 00 00 00 00  |................|
000000003f30  00 00 00 00 00 00 00 00  00 00 00 00 00 00 00 00  |................|
000000003f40  00 00 00 00 00 00 00 00  00 00 00 00 00 00 00 00  |................|
000000003f50  00 00 00 00 00 00 00 00  00 00 00 00 00 00 00 00  |................|
000000003f60  00 00 00 00 00 00 00 00  00 00 00 00 00 00 00 00  |................|
000000003f70  00 00 00 00 00 00 00 00  00 00 00 00 00 00 00 00  |................|
000000003f80  00 00 00 00 00 00 00 00  00 00 00 00 00 00 00 00  |................|
000000003f90  00 00 00 00 00 00 00 00  00 00 00 00 00 00 00 00  |................|
000000003fa0  00 00 00 00 00 00 00 00  00 00 00 00 00 00 00 00  |................|
000000003fb0  00 00 00 00 00 00 00 00  00 00 00 00 00 00 00 00  |................|
000000003fc0  00 00 00 00 00 00 00 00  00 00 00 00 00 00 00 00  |................|
000000003fd0  00 00 00 00 00 00 00 00  00 00 00 00 00 00 00 00  |................|
000000003fe0  00 00 00 00 00 00 00 00  00 00 00 00 00 00 00 00  |................|
000000003ff0  00 00 00 00 00 00 00 00  00 00 00 00 00 00 00 00  |................|
000000004000  00 00 00 00 00 00 00 00  00 00 00 00 00 00 00 00  |................|
000000004010  00 00 00 00 00 00 00 00  00 00 00 00 00 00 00 00  |................|
